Archive member included to satisfy reference by file (symbol)

E:/STM32CubeIDE_1.16.1/STM32CubeIDE/plugins/com.st.stm32cube.ide.mcu.externaltools.gnu-tools-for-stm32.12.3.rel1.win32_1.0.200.202406191623/tools/bin/../lib/gcc/arm-none-eabi/12.3.1/../../../../arm-none-eabi/lib/thumb/v7e-m+fp/hard\libc_nano.a(libc_a-exit.o)
                              E:/STM32CubeIDE_1.16.1/STM32CubeIDE/plugins/com.st.stm32cube.ide.mcu.externaltools.gnu-tools-for-stm32.12.3.rel1.win32_1.0.200.202406191623/tools/bin/../lib/gcc/arm-none-eabi/12.3.1/../../../../arm-none-eabi/lib/thumb/v7e-m+fp/hard/crt0.o (exit)
E:/STM32CubeIDE_1.16.1/STM32CubeIDE/plugins/com.st.stm32cube.ide.mcu.externaltools.gnu-tools-for-stm32.12.3.rel1.win32_1.0.200.202406191623/tools/bin/../lib/gcc/arm-none-eabi/12.3.1/../../../../arm-none-eabi/lib/thumb/v7e-m+fp/hard\libc_nano.a(libc_a-findfp.o)
                              E:/STM32CubeIDE_1.16.1/STM32CubeIDE/plugins/com.st.stm32cube.ide.mcu.externaltools.gnu-tools-for-stm32.12.3.rel1.win32_1.0.200.202406191623/tools/bin/../lib/gcc/arm-none-eabi/12.3.1/../../../../arm-none-eabi/lib/thumb/v7e-m+fp/hard\libc_nano.a(libc_a-exit.o) (__stdio_exit_handler)
E:/STM32CubeIDE_1.16.1/STM32CubeIDE/plugins/com.st.stm32cube.ide.mcu.externaltools.gnu-tools-for-stm32.12.3.rel1.win32_1.0.200.202406191623/tools/bin/../lib/gcc/arm-none-eabi/12.3.1/../../../../arm-none-eabi/lib/thumb/v7e-m+fp/hard\libc_nano.a(libc_a-fwalk.o)
                              E:/STM32CubeIDE_1.16.1/STM32CubeIDE/plugins/com.st.stm32cube.ide.mcu.externaltools.gnu-tools-for-stm32.12.3.rel1.win32_1.0.200.202406191623/tools/bin/../lib/gcc/arm-none-eabi/12.3.1/../../../../arm-none-eabi/lib/thumb/v7e-m+fp/hard\libc_nano.a(libc_a-findfp.o) (_fwalk_sglue)
E:/STM32CubeIDE_1.16.1/STM32CubeIDE/plugins/com.st.stm32cube.ide.mcu.externaltools.gnu-tools-for-stm32.12.3.rel1.win32_1.0.200.202406191623/tools/bin/../lib/gcc/arm-none-eabi/12.3.1/../../../../arm-none-eabi/lib/thumb/v7e-m+fp/hard\libc_nano.a(libc_a-stdio.o)
                              E:/STM32CubeIDE_1.16.1/STM32CubeIDE/plugins/com.st.stm32cube.ide.mcu.externaltools.gnu-tools-for-stm32.12.3.rel1.win32_1.0.200.202406191623/tools/bin/../lib/gcc/arm-none-eabi/12.3.1/../../../../arm-none-eabi/lib/thumb/v7e-m+fp/hard\libc_nano.a(libc_a-findfp.o) (__sread)
E:/STM32CubeIDE_1.16.1/STM32CubeIDE/plugins/com.st.stm32cube.ide.mcu.externaltools.gnu-tools-for-stm32.12.3.rel1.win32_1.0.200.202406191623/tools/bin/../lib/gcc/arm-none-eabi/12.3.1/../../../../arm-none-eabi/lib/thumb/v7e-m+fp/hard\libc_nano.a(libc_a-memcmp.o)
                              ./Middleware/SEGGER/FreeRTOSV11/SEGGER_SYSVIEW_FreeRTOS.o (memcmp)
E:/STM32CubeIDE_1.16.1/STM32CubeIDE/plugins/com.st.stm32cube.ide.mcu.externaltools.gnu-tools-for-stm32.12.3.rel1.win32_1.0.200.202406191623/tools/bin/../lib/gcc/arm-none-eabi/12.3.1/../../../../arm-none-eabi/lib/thumb/v7e-m+fp/hard\libc_nano.a(libc_a-memset.o)
                              E:/STM32CubeIDE_1.16.1/STM32CubeIDE/plugins/com.st.stm32cube.ide.mcu.externaltools.gnu-tools-for-stm32.12.3.rel1.win32_1.0.200.202406191623/tools/bin/../lib/gcc/arm-none-eabi/12.3.1/../../../../arm-none-eabi/lib/thumb/v7e-m+fp/hard/crt0.o (memset)
E:/STM32CubeIDE_1.16.1/STM32CubeIDE/plugins/com.st.stm32cube.ide.mcu.externaltools.gnu-tools-for-stm32.12.3.rel1.win32_1.0.200.202406191623/tools/bin/../lib/gcc/arm-none-eabi/12.3.1/../../../../arm-none-eabi/lib/thumb/v7e-m+fp/hard\libc_nano.a(libc_a-closer.o)
                              E:/STM32CubeIDE_1.16.1/STM32CubeIDE/plugins/com.st.stm32cube.ide.mcu.externaltools.gnu-tools-for-stm32.12.3.rel1.win32_1.0.200.202406191623/tools/bin/../lib/gcc/arm-none-eabi/12.3.1/../../../../arm-none-eabi/lib/thumb/v7e-m+fp/hard\libc_nano.a(libc_a-stdio.o) (_close_r)
E:/STM32CubeIDE_1.16.1/STM32CubeIDE/plugins/com.st.stm32cube.ide.mcu.externaltools.gnu-tools-for-stm32.12.3.rel1.win32_1.0.200.202406191623/tools/bin/../lib/gcc/arm-none-eabi/12.3.1/../../../../arm-none-eabi/lib/thumb/v7e-m+fp/hard\libc_nano.a(libc_a-reent.o)
                              E:/STM32CubeIDE_1.16.1/STM32CubeIDE/plugins/com.st.stm32cube.ide.mcu.externaltools.gnu-tools-for-stm32.12.3.rel1.win32_1.0.200.202406191623/tools/bin/../lib/gcc/arm-none-eabi/12.3.1/../../../../arm-none-eabi/lib/thumb/v7e-m+fp/hard\libc_nano.a(libc_a-closer.o) (errno)
E:/STM32CubeIDE_1.16.1/STM32CubeIDE/plugins/com.st.stm32cube.ide.mcu.externaltools.gnu-tools-for-stm32.12.3.rel1.win32_1.0.200.202406191623/tools/bin/../lib/gcc/arm-none-eabi/12.3.1/../../../../arm-none-eabi/lib/thumb/v7e-m+fp/hard\libc_nano.a(libc_a-impure.o)
                              E:/STM32CubeIDE_1.16.1/STM32CubeIDE/plugins/com.st.stm32cube.ide.mcu.externaltools.gnu-tools-for-stm32.12.3.rel1.win32_1.0.200.202406191623/tools/bin/../lib/gcc/arm-none-eabi/12.3.1/../../../../arm-none-eabi/lib/thumb/v7e-m+fp/hard\libc_nano.a(libc_a-reent.o) (_impure_ptr)
[...]
Memory Configuration

Name             Origin             Length             Attributes
CCMRAM           0x10000000         0x00010000         xrw
RAM              0x20000000         0x00020000         xrw
FLASH            0x08000000         0x00080000         xr
*default*        0x00000000         0xffffffff

Linker script and memory map

LOAD E:/STM32CubeIDE_1.16.1/STM32CubeIDE/plugins/com.st.stm32cube.ide.mcu.externaltools.gnu-tools-for-stm32.12.3.rel1.win32_1.0.200.202406191623/tools/bin/../lib/gcc/arm-none-eabi/12.3.1/thumb/v7e-m+fp/hard/crti.o
LOAD E:/STM32CubeIDE_1.16.1/STM32CubeIDE/plugins/com.st.stm32cube.ide.mcu.externaltools.gnu-tools-for-stm32.12.3.rel1.win32_1.0.200.202406191623/tools/bin/../lib/gcc/arm-none-eabi/12.3.1/thumb/v7e-m+fp/hard/crtbegin.o
LOAD E:/STM32CubeIDE_1.16.1/STM32CubeIDE/plugins/com.st.stm32cube.ide.mcu.externaltools.gnu-tools-for-stm32.12.3.rel1.win32_1.0.200.202406191623/tools/bin/../lib/gcc/arm-none-eabi/12.3.1/../../../../arm-none-eabi/lib/thumb/v7e-m+fp/hard/crt0.o
LOAD ./Core/Src/main.o
LOAD ./Core/Src/stm32f4xx_hal_msp.o
LOAD ./Core/Src/stm32f4xx_it.o
LOAD ./Core/Src/syscalls.o
LOAD ./Core/Src/system_stm32f4xx.o
LOAD ./Core/Startup/startup_stm32f407vetx.o
LOAD ./Drivers/STM32F4xx_HAL_Driver/Src/stm32f4xx_hal.o
LOAD ./Drivers/STM32F4xx_HAL_Driver/Src/stm32f4xx_hal_adc.o
LOAD ./Drivers/STM32F4xx_HAL_Driver/Src/stm32f4xx_hal_adc_ex.o
LOAD ./Drivers/STM32F4xx_HAL_Driver/Src/stm32f4xx_hal_can.o
LOAD ./Drivers/STM32F4xx_HAL_Driver/Src/stm32f4xx_hal_cortex.o
LOAD ./Drivers/STM32F4xx_HAL_Driver/Src/stm32f4xx_hal_dma.o
LOAD ./Drivers/STM32F4xx_HAL_Driver/Src/stm32f4xx_hal_dma_ex.o
LOAD ./Drivers/STM32F4xx_HAL_Driver/Src/stm32f4xx_hal_exti.o
LOAD ./Drivers/STM32F4xx_HAL_Driver/Src/stm32f4xx_hal_flash.o
LOAD ./Drivers/STM32F4xx_HAL_Driver/Src/stm32f4xx_hal_flash_ex.o
LOAD ./Drivers/STM32F4xx_HAL_Driver/Src/stm32f4xx_hal_flash_ramfunc.o
LOAD ./Drivers/STM32F4xx_HAL_Driver/Src/stm32f4xx_hal_gpio.o
LOAD ./Drivers/STM32F4xx_HAL_Driver/Src/stm32f4xx_hal_pwr.o
LOAD ./Drivers/STM32F4xx_HAL_Driver/Src/stm32f4xx_hal_pwr_ex.o
LOAD ./Drivers/STM32F4xx_HAL_Driver/Src/stm32f4xx_hal_rcc.o
LOAD ./Drivers/STM32F4xx_HAL_Driver/Src/stm32f4xx_hal_rcc_ex.o
LOAD ./Drivers/STM32F4xx_HAL_Driver/Src/stm32f4xx_hal_tim.o
LOAD ./Drivers/STM32F4xx_HAL_Driver/Src/stm32f4xx_hal_tim_ex.o
LOAD ./Drivers/STM32F4xx_HAL_Driver/Src/stm32f4xx_hal_uart.o
LOAD ./Drivers/STM32F4xx_HAL_Driver/Src/stm32f4xx_ll_adc.o
LOAD ./Middleware/FreeRTOS/croutine.o
LOAD ./Middleware/FreeRTOS/event_groups.o
LOAD ./Middleware/FreeRTOS/list.o
LOAD ./Middleware/FreeRTOS/queue.o
LOAD ./Middleware/FreeRTOS/stream_buffer.o
LOAD ./Middleware/FreeRTOS/tasks.o
LOAD ./Middleware/FreeRTOS/timers.o
LOAD ./Middleware/FreeRTOS/portable/GCC/ARM_CM4F/port.o
LOAD ./Middleware/FreeRTOS/portable/MemMang/heap_4.o
LOAD ./Middleware/SEGGER/Config/SEGGER_SYSVIEW_Config_FreeRTOS.o
LOAD ./Middleware/SEGGER/FreeRTOSV11/SEGGER_SYSVIEW_FreeRTOS.o
LOAD ./Middleware/SEGGER/SEGGER/SEGGER_RTT.o
LOAD ./Middleware/SEGGER/SEGGER/SEGGER_RTT_ASM_ARMv7M.o
LOAD ./Middleware/SEGGER/SEGGER/SEGGER_RTT_printf.o
LOAD ./Middleware/SEGGER/SEGGER/SEGGER_SYSVIEW.o
LOAD ./Middleware/SEGGER/SEGGER/Syscalls/SEGGER_RTT_Syscalls_GCC.o
START GROUP
LOAD E:/STM32CubeIDE_1.16.1/STM32CubeIDE/plugins/com.st.stm32cube.ide.mcu.externaltools.gnu-tools-for-stm32.12.3.rel1.win32_1.0.200.202406191623/tools/bin/../lib/gcc/arm-none-eabi/12.3.1/../../../../arm-none-eabi/lib/thumb/v7e-m+fp/hard\libc_nano.a
LOAD E:/STM32CubeIDE_1.16.1/STM32CubeIDE/plugins/com.st.stm32cube.ide.mcu.externaltools.gnu-tools-for-stm32.12.3.rel1.win32_1.0.200.202406191623/tools/bin/../lib/gcc/arm-none-eabi/12.3.1/../../../../arm-none-eabi/lib/thumb/v7e-m+fp/hard\libm.a
END GROUP
START GROUP
LOAD E:/STM32CubeIDE_1.16.1/STM32CubeIDE/plugins/com.st.stm32cube.ide.mcu.externaltools.gnu-tools-for-stm32.12.3.rel1.win32_1.0.200.202406191623/tools/bin/../lib/gcc/arm-none-eabi/12.3.1/thumb/v7e-m+fp/hard\libgcc.a
LOAD E:/STM32CubeIDE_1.16.1/STM32CubeIDE/plugins/com.st.stm32cube.ide.mcu.externaltools.gnu-tools-for-stm32.12.3.rel1.win32_1.0.200.202406191623/tools/bin/../lib/gcc/arm-none-eabi/12.3.1/../../../../arm-none-eabi/lib/thumb/v7e-m+fp/hard\libc_nano.a
END GROUP
START GROUP
LOAD E:/STM32CubeIDE_1.16.1/STM32CubeIDE/plugins/com.st.stm32cube.ide.mcu.externaltools.gnu-tools-for-stm32.12.3.rel1.win32_1.0.200.202406191623/tools/bin/../lib/gcc/arm-none-eabi/12.3.1/thumb/v7e-m+fp/hard\libgcc.a
LOAD E:/STM32CubeIDE_1.16.1/STM32CubeIDE/plugins/com.st.stm32cube.ide.mcu.externaltools.gnu-tools-for-stm32.12.3.rel1.win32_1.0.200.202406191623/tools/bin/../lib/gcc/arm-none-eabi/12.3.1/../../../../arm-none-eabi/lib/thumb/v7e-m+fp/hard\libc_nano.a
LOAD E:/STM32CubeIDE_1.16.1/STM32CubeIDE/plugins/com.st.stm32cube.ide.mcu.externaltools.gnu-tools-for-stm32.12.3.rel1.win32_1.0.200.202406191623/tools/bin/../lib/gcc/arm-none-eabi/12.3.1/../../../../arm-none-eabi/lib/thumb/v7e-m+fp/hard\libnosys.a
END GROUP
START GROUP
LOAD E:/STM32CubeIDE_1.16.1/STM32CubeIDE/plugins/com.st.stm32cube.ide.mcu.externaltools.gnu-tools-for-stm32.12.3.rel1.win32_1.0.200.202406191623/tools/bin/../lib/gcc/arm-none-eabi/12.3.1/thumb/v7e-m+fp/hard\libgcc.a
LOAD E:/STM32CubeIDE_1.16.1/STM32CubeIDE/plugins/com.st.stm32cube.ide.mcu.externaltools.gnu-tools-for-stm32.12.3.rel1.win32_1.0.200.202406191623/tools/bin/../lib/gcc/arm-none-eabi/12.3.1/../../../../arm-none-eabi/lib/thumb/v7e-m+fp/hard\libc_nano.a
LOAD E:/STM32CubeIDE_1.16.1/STM32CubeIDE/plugins/com.st.stm32cube.ide.mcu.externaltools.gnu-tools-for-stm32.12.3.rel1.win32_1.0.200.202406191623/tools/bin/../lib/gcc/arm-none-eabi/12.3.1/../../../../arm-none-eabi/lib/thumb/v7e-m+fp/hard\libnosys.a
END GROUP
LOAD E:/STM32CubeIDE_1.16.1/STM32CubeIDE/plugins/com.st.stm32cube.ide.mcu.externaltools.gnu-tools-for-stm32.12.3.rel1.win32_1.0.200.202406191623/tools/bin/../lib/gcc/arm-none-eabi/12.3.1/thumb/v7e-m+fp/hard/crtend.o
LOAD E:/STM32CubeIDE_1.16.1/STM32CubeIDE/plugins/com.st.stm32cube.ide.mcu.externaltools.gnu-tools-for-stm32.12.3.rel1.win32_1.0.200.202406191623/tools/bin/../lib/gcc/arm-none-eabi/12.3.1/thumb/v7e-m+fp/hard/crtn.o
                0x20020000                        _estack = (ORIGIN (RAM) + LENGTH (RAM))
                0x00000200                        _Min_Heap_Size = 0x200
                0x00000400                        _Min_Stack_Size = 0x400

.isr_vector     0x08000000      0x188
                0x08000000                        . = ALIGN (0x4)
 *(.isr_vector)
 .isr_vector    0x08000000      0x188 ./Core/Startup/startup_stm32f407vetx.o
                0x08000000                g_pfnVectors
                0x08000188                        . = ALIGN (0x4)

.text           0x08000190     0x9440
                0x08000190                        . = ALIGN (0x4)
 *(.text)
 .text          0x08000190       0x40 E:/STM32CubeIDE_1.16.1/STM32CubeIDE/plugins/com.st.stm32cube.ide.mcu.externaltools.gnu-tools-for-stm32.12.3.rel1.win32_1.0.200.202406191623/tools/bin/../lib/gcc/arm-none-eabi/12.3.1/thumb/v7e-m+fp/hard/crtbegin.o
 .text          0x080001d0       0x94 ./Middleware/SEGGER/SEGGER/SEGGER_RTT_ASM_ARMv7M.o
                0x080001d0                SEGGER_RTT_ASM_WriteSkipNoLock
 .text          0x08000264       0x30 E:/STM32CubeIDE_1.16.1/STM32CubeIDE/plugins/com.st.stm32cube.ide.mcu.externaltools.gnu-tools-for-stm32.12.3.rel1.win32_1.0.200.202406191623/tools/bin/../lib/gcc/arm-none-eabi/12.3.1/thumb/v7e-m+fp/hard\libgcc.a(_aeabi_uldivmod.o)
                0x08000264                __aeabi_uldivmod
 .text          0x08000294      0x2bc E:/STM32CubeIDE_1.16.1/STM32CubeIDE/plugins/com.st.stm32cube.ide.mcu.externaltools.gnu-tools-for-stm32.12.3.rel1.win32_1.0.200.202406191623/tools/bin/../lib/gcc/arm-none-eabi/12.3.1/thumb/v7e-m+fp/hard\libgcc.a(_udivmoddi4.o)
                0x08000294                __udivmoddi4
 .text          0x08000550        0x4 E:/STM32CubeIDE_1.16.1/STM32CubeIDE/plugins/com.st.stm32cube.ide.mcu.externaltools.gnu-tools-for-stm32.12.3.rel1.win32_1.0.200.202406191623/tools/bin/../lib/gcc/arm-none-eabi/12.3.1/thumb/v7e-m+fp/hard\libgcc.a(_dvmd_tls.o)
                0x08000550                __aeabi_idiv0
                0x08000550                __aeabi_ldiv0
 *(.text*)
 .text.main     0x08000554       0xd4 ./Core/Src/main.o
                0x08000554                main
 .text.SystemClock_Config
                0x08000628       0xd0 ./Core/Src/main.o
                0x08000628                SystemClock_Config
 .text.MX_ADC3_Init
                0x080006f8       0xa8 ./Core/Src/main.o
 .text.MX_CAN1_Init
                0x080007a0       0x6c ./Core/Src/main.o
 .text.MX_TIM2_Init
                0x0800080c       0x9c ./Core/Src/main.o
 .text.MX_TIM3_Init
                0x080008a8       0xec ./Core/Src/main.o
 .text.MX_UART5_Init
                0x08000994       0x54 ./Core/Src/main.o
 .text.MX_GPIO_Init
                0x080009e8      0x154 ./Core/Src/main.o
 .text.peripheral_start
                0x08000b3c       0x20 ./Core/Src/main.o
                0x08000b3c                peripheral_start
 .text.HAL_GPIO_EXTI_Callback
                0x08000b5c       0x40 ./Core/Src/main.o
                0x08000b5c                HAL_GPIO_EXTI_Callback
 .text.HAL_CAN_RxFifo0MsgPendingCallback
                0x08000b9c       0x80 ./Core/Src/main.o
                0x08000b9c                HAL_CAN_RxFifo0MsgPendingCallback
 .text.HAL_UART_TxCpltCallback
                0x08000c1c       0x30 ./Core/Src/main.o
                0x08000c1c                HAL_UART_TxCpltCallback
 .text.CAN_filterConfig
                0x08000c4c       0x4c ./Core/Src/main.o
 .text.Calculate_Speed
                0x08000c98       0xb8 ./Core/Src/main.o
                0x08000c98                Calculate_Speed
 .text.Process_Speed_Knob
                0x08000d50       0x78 ./Core/Src/main.o
                0x08000d50                Process_Speed_Knob
 .text.Prepare_Payload_For_Esp
                0x08000dc8       0xc8 ./Core/Src/main.o
                0x08000dc8                Prepare_Payload_For_Esp
 .text.Transmit_Packet_To_Esp
                0x08000e90       0x38 ./Core/Src/main.o
                0x08000e90                Transmit_Packet_To_Esp
 .text.HAL_TIM_PeriodElapsedCallback
                0x08000ec8       0x88 ./Core/Src/main.o
                0x08000ec8                HAL_TIM_PeriodElapsedCallback
 .text.Error_Handler
                0x08000f50       0x1c ./Core/Src/main.o
                0x08000f50                Error_Handler
 .text.HAL_MspInit
                0x08000f6c       0x50 ./Core/Src/stm32f4xx_hal_msp.o
                0x08000f6c                HAL_MspInit
 .text.HAL_ADC_MspInit
                0x08000fbc       0x88 ./Core/Src/stm32f4xx_hal_msp.o
                0x08000fbc                HAL_ADC_MspInit
 .text.HAL_CAN_MspInit
                0x08001044       0xa0 ./Core/Src/stm32f4xx_hal_msp.o
                0x08001044                HAL_CAN_MspInit
 .text.HAL_TIM_Base_MspInit
                0x080010e4       0x50 ./Core/Src/stm32f4xx_hal_msp.o
                0x080010e4                HAL_TIM_Base_MspInit
 .text.HAL_TIM_MspPostInit
                0x08001134       0x74 ./Core/Src/stm32f4xx_hal_msp.o
                0x08001134                HAL_TIM_MspPostInit
 .text.HAL_UART_MspInit
                0x080011a8       0xd0 ./Core/Src/stm32f4xx_hal_msp.o
                0x080011a8                HAL_UART_MspInit
 .text.NMI_Handler
                0x08001278        0x8 ./Core/Src/stm32f4xx_it.o
                0x08001278                NMI_Handler
 .text.HardFault_Handler
                0x08001280        0x8 ./Core/Src/stm32f4xx_it.o
                0x08001280                HardFault_Handler
 .text.MemManage_Handler
                0x08001288        0x8 ./Core/Src/stm32f4xx_it.o
                0x08001288                MemManage_Handler
 .text.BusFault_Handler
                0x08001290        0x8 ./Core/Src/stm32f4xx_it.o
                0x08001290                BusFault_Handler
 .text.UsageFault_Handler
                0x08001298        0x8 ./Core/Src/stm32f4xx_it.o
                0x08001298                UsageFault_Handler
 .text.DebugMon_Handler
                0x080012a0        0xe ./Core/Src/stm32f4xx_it.o
                0x080012a0                DebugMon_Handler
 *fill*         0x080012ae        0x2 
 .text.CAN1_RX0_IRQHandler
                0x080012b0       0x14 ./Core/Src/stm32f4xx_it.o
                0x080012b0                CAN1_RX0_IRQHandler
 .text.EXTI9_5_IRQHandler
                0x080012c4        0xe ./Core/Src/stm32f4xx_it.o
                0x080012c4                EXTI9_5_IRQHandler
 *fill*         0x080012d2        0x2 
 .text.TIM2_IRQHandler
                0x080012d4       0x14 ./Core/Src/stm32f4xx_it.o
                0x080012d4                TIM2_IRQHandler
 .text.UART5_IRQHandler
                0x080012e8       0x14 ./Core/Src/stm32f4xx_it.o
                0x080012e8                UART5_IRQHandler
 .text.SystemInit
                0x080012fc       0x24 ./Core/Src/system_stm32f4xx.o
                0x080012fc                SystemInit
 .text.Reset_Handler
                0x08001320       0x50 ./Core/Startup/startup_stm32f407vetx.o
                0x08001320                Reset_Handler
 .text.Default_Handler
                0x08001370        0x2 ./Core/Startup/startup_stm32f407vetx.o
                0x08001370                RTC_Alarm_IRQHandler
                0x08001370                HASH_RNG_IRQHandler
                0x08001370                EXTI2_IRQHandler
                0x08001370                TIM8_CC_IRQHandler
                0x08001370                TIM1_CC_IRQHandler
                0x08001370                DMA2_Stream5_IRQHandler
                0x08001370                DMA1_Stream5_IRQHandler
                0x08001370                PVD_IRQHandler
                0x08001370                SDIO_IRQHandler
                0x08001370                TAMP_STAMP_IRQHandler
                0x08001370                CAN2_RX1_IRQHandler
                0x08001370                EXTI3_IRQHandler
                0x08001370                TIM8_TRG_COM_TIM14_IRQHandler
                0x08001370                TIM1_UP_TIM10_IRQHandler
                0x08001370                TIM8_UP_TIM13_IRQHandler
                0x08001370                I2C3_ER_IRQHandler
                0x08001370                EXTI0_IRQHandler
                0x08001370                I2C2_EV_IRQHandler
                0x08001370                DMA1_Stream2_IRQHandler
                0x08001370                FPU_IRQHandler
                0x08001370                OTG_HS_WKUP_IRQHandler
                0x08001370                CAN2_SCE_IRQHandler
                0x08001370                DMA2_Stream2_IRQHandler
                0x08001370                SPI1_IRQHandler
                0x08001370                TIM6_DAC_IRQHandler
                0x08001370                TIM1_BRK_TIM9_IRQHandler
                0x08001370                DCMI_IRQHandler
                0x08001370                CAN2_RX0_IRQHandler
                0x08001370                DMA2_Stream3_IRQHandler
                0x08001370                USART6_IRQHandler
                0x08001370                USART3_IRQHandler
                0x08001370                CAN1_RX1_IRQHandler
                0x08001370                DMA2_Stream0_IRQHandler
                0x08001370                TIM4_IRQHandler
                0x08001370                I2C1_EV_IRQHandler
                0x08001370                DMA1_Stream6_IRQHandler
                0x08001370                DMA1_Stream1_IRQHandler
                0x08001370                UART4_IRQHandler
                0x08001370                TIM3_IRQHandler
                0x08001370                RCC_IRQHandler
                0x08001370                TIM8_BRK_TIM12_IRQHandler
                0x08001370                Default_Handler
                0x08001370                EXTI15_10_IRQHandler
                0x08001370                ADC_IRQHandler
                0x08001370                DMA1_Stream7_IRQHandler
                0x08001370                TIM7_IRQHandler
                0x08001370                CAN2_TX_IRQHandler
                0x08001370                TIM5_IRQHandler
                0x08001370                DMA2_Stream7_IRQHandler
                0x08001370                I2C3_EV_IRQHandler
                0x08001370                RTC_WKUP_IRQHandler
                0x08001370                ETH_WKUP_IRQHandler
                0x08001370                SPI2_IRQHandler
                0x08001370                OTG_HS_EP1_IN_IRQHandler
                0x08001370                DMA1_Stream0_IRQHandler
                0x08001370                CAN1_TX_IRQHandler
                0x08001370                EXTI4_IRQHandler
                0x08001370                FSMC_IRQHandler
                0x08001370                ETH_IRQHandler
                0x08001370                OTG_HS_EP1_OUT_IRQHandler
                0x08001370                WWDG_IRQHandler
                0x08001370                OTG_FS_WKUP_IRQHandler
                0x08001370                TIM1_TRG_COM_TIM11_IRQHandler
                0x08001370                OTG_HS_IRQHandler
                0x08001370                EXTI1_IRQHandler
                0x08001370                USART2_IRQHandler
                0x08001370                I2C2_ER_IRQHandler
                0x08001370                DMA2_Stream1_IRQHandler
                0x08001370                CAN1_SCE_IRQHandler
                0x08001370                FLASH_IRQHandler
                0x08001370                DMA2_Stream4_IRQHandler
                0x08001370                USART1_IRQHandler
                0x08001370                OTG_FS_IRQHandler
                0x08001370                SPI3_IRQHandler
                0x08001370                DMA1_Stream4_IRQHandler
                0x08001370                I2C1_ER_IRQHandler
                0x08001370                DMA2_Stream6_IRQHandler
                0x08001370                DMA1_Stream3_IRQHandler
 *fill*         0x08001372        0x2 
 .text.HAL_Init
                0x08001374       0x44 ./Drivers/STM32F4xx_HAL_Driver/Src/stm32f4xx_hal.o
                0x08001374                HAL_Init
 .text.HAL_InitTick
                0x080013b8       0x60 ./Drivers/STM32F4xx_HAL_Driver/Src/stm32f4xx_hal.o
                0x080013b8                HAL_InitTick
 .text.HAL_IncTick
                0x08001418       0x28 ./Drivers/STM32F4xx_HAL_Driver/Src/stm32f4xx_hal.o
                0x08001418                HAL_IncTick
 .text.HAL_GetTick
                0x08001440       0x18 ./Drivers/STM32F4xx_HAL_Driver/Src/stm32f4xx_hal.o
                0x08001440                HAL_GetTick
 .text.HAL_ADC_Init
                0x08001458       0x86 ./Drivers/STM32F4xx_HAL_Driver/Src/stm32f4xx_hal_adc.o
                0x08001458                HAL_ADC_Init
 *fill*         0x080014de        0x2 
 .text.HAL_ADC_Start
                0x080014e0      0x1a4 ./Drivers/STM32F4xx_HAL_Driver/Src/stm32f4xx_hal_adc.o
                0x080014e0                HAL_ADC_Start
 .text.HAL_ADC_GetValue
                0x08001684       0x1a ./Drivers/STM32F4xx_HAL_Driver/Src/stm32f4xx_hal_adc.o
                0x08001684                HAL_ADC_GetValue
 *fill*         0x0800169e        0x2 
 .text.HAL_ADC_ConfigChannel
                0x080016a0      0x244 ./Drivers/STM32F4xx_HAL_Driver/Src/stm32f4xx_hal_adc.o
                0x080016a0                HAL_ADC_ConfigChannel
 .text.ADC_Init
                0x080018e4      0x1f8 ./Drivers/STM32F4xx_HAL_Driver/Src/stm32f4xx_hal_adc.o
 .text.HAL_CAN_Init
                0x08001adc      0x1f6 ./Drivers/STM32F4xx_HAL_Driver/Src/stm32f4xx_hal_can.o
                0x08001adc                HAL_CAN_Init
 *fill*         0x08001cd2        0x2 
 .text.HAL_CAN_ConfigFilter
                0x08001cd4      0x1c0 ./Drivers/STM32F4xx_HAL_Driver/Src/stm32f4xx_hal_can.o
                0x08001cd4                HAL_CAN_ConfigFilter
 .text.HAL_CAN_Start
                0x08001e94       0x88 ./Drivers/STM32F4xx_HAL_Driver/Src/stm32f4xx_hal_can.o
                0x08001e94                HAL_CAN_Start
 .text.HAL_CAN_GetRxMessage
                0x08001f1c      0x244 ./Drivers/STM32F4xx_HAL_Driver/Src/stm32f4xx_hal_can.o
                0x08001f1c                HAL_CAN_GetRxMessage
 .text.HAL_CAN_GetRxFifoFillLevel
                0x08002160       0x50 ./Drivers/STM32F4xx_HAL_Driver/Src/stm32f4xx_hal_can.o
                0x08002160                HAL_CAN_GetRxFifoFillLevel
 .text.HAL_CAN_ActivateNotification
                0x080021b0       0x4c ./Drivers/STM32F4xx_HAL_Driver/Src/stm32f4xx_hal_can.o
                0x080021b0                HAL_CAN_ActivateNotification
 .text.HAL_CAN_IRQHandler
                0x080021fc      0x36e ./Drivers/STM32F4xx_HAL_Driver/Src/stm32f4xx_hal_can.o
                0x080021fc                HAL_CAN_IRQHandler
 .text.HAL_CAN_TxMailbox0CompleteCallback
                0x0800256a       0x14 ./Drivers/STM32F4xx_HAL_Driver/Src/stm32f4xx_hal_can.o
                0x0800256a                HAL_CAN_TxMailbox0CompleteCallback
 .text.HAL_CAN_TxMailbox1CompleteCallback
                0x0800257e       0x14 ./Drivers/STM32F4xx_HAL_Driver/Src/stm32f4xx_hal_can.o
                0x0800257e                HAL_CAN_TxMailbox1CompleteCallback
 .text.HAL_CAN_TxMailbox2CompleteCallback
                0x08002592       0x14 ./Drivers/STM32F4xx_HAL_Driver/Src/stm32f4xx_hal_can.o
                0x08002592                HAL_CAN_TxMailbox2CompleteCallback
 .text.HAL_CAN_TxMailbox0AbortCallback
                0x080025a6       0x14 ./Drivers/STM32F4xx_HAL_Driver/Src/stm32f4xx_hal_can.o
                0x080025a6                HAL_CAN_TxMailbox0AbortCallback
 .text.HAL_CAN_TxMailbox1AbortCallback
                0x080025ba       0x14 ./Drivers/STM32F4xx_HAL_Driver/Src/stm32f4xx_hal_can.o
                0x080025ba                HAL_CAN_TxMailbox1AbortCallback
 .text.HAL_CAN_TxMailbox2AbortCallback
                0x080025ce       0x14 ./Drivers/STM32F4xx_HAL_Driver/Src/stm32f4xx_hal_can.o
                0x080025ce                HAL_CAN_TxMailbox2AbortCallback
 .text.HAL_CAN_RxFifo0FullCallback
                0x080025e2       0x14 ./Drivers/STM32F4xx_HAL_Driver/Src/stm32f4xx_hal_can.o
                0x080025e2                HAL_CAN_RxFifo0FullCallback
 .text.HAL_CAN_RxFifo1MsgPendingCallback
                0x080025f6       0x14 ./Drivers/STM32F4xx_HAL_Driver/Src/stm32f4xx_hal_can.o
                0x080025f6                HAL_CAN_RxFifo1MsgPendingCallback
 .text.HAL_CAN_RxFifo1FullCallback
                0x0800260a       0x14 ./Drivers/STM32F4xx_HAL_Driver/Src/stm32f4xx_hal_can.o
                0x0800260a                HAL_CAN_RxFifo1FullCallback
 .text.HAL_CAN_SleepCallback
                0x0800261e       0x14 ./Drivers/STM32F4xx_HAL_Driver/Src/stm32f4xx_hal_can.o
                0x0800261e                HAL_CAN_SleepCallback
 .text.HAL_CAN_WakeUpFromRxMsgCallback
                0x08002632       0x14 ./Drivers/STM32F4xx_HAL_Driver/Src/stm32f4xx_hal_can.o
                0x08002632                HAL_CAN_WakeUpFromRxMsgCallback
 .text.HAL_CAN_ErrorCallback
                0x08002646       0x14 ./Drivers/STM32F4xx_HAL_Driver/Src/stm32f4xx_hal_can.o
                0x08002646                HAL_CAN_ErrorCallback
 *fill*         0x0800265a        0x2 
 .text.__NVIC_SetPriorityGrouping
                0x0800265c       0x48 ./Drivers/STM32F4xx_HAL_Driver/Src/stm32f4xx_hal_cortex.o
 .text.__NVIC_GetPriorityGrouping
                0x080026a4       0x1c ./Drivers/STM32F4xx_HAL_Driver/Src/stm32f4xx_hal_cortex.o
 .text.__NVIC_EnableIRQ
                0x080026c0       0x3c ./Drivers/STM32F4xx_HAL_Driver/Src/stm32f4xx_hal_cortex.o
 .text.__NVIC_SetPriority
                0x080026fc       0x54 ./Drivers/STM32F4xx_HAL_Driver/Src/stm32f4xx_hal_cortex.o
 .text.NVIC_EncodePriority
                0x08002750       0x66 ./Drivers/STM32F4xx_HAL_Driver/Src/stm32f4xx_hal_cortex.o
 *fill*         0x080027b6        0x2 
 .text.SysTick_Config
                0x080027b8       0x44 ./Drivers/STM32F4xx_HAL_Driver/Src/stm32f4xx_hal_cortex.o
 .text.HAL_NVIC_SetPriorityGrouping
                0x080027fc       0x16 ./Drivers/STM32F4xx_HAL_Driver/Src/stm32f4xx_hal_cortex.o
                0x080027fc                HAL_NVIC_SetPriorityGrouping
 .text.HAL_NVIC_SetPriority
                0x08002812       0x38 ./Drivers/STM32F4xx_HAL_Driver/Src/stm32f4xx_hal_cortex.o
                0x08002812                HAL_NVIC_SetPriority
 .text.HAL_NVIC_EnableIRQ
                0x0800284a       0x1c ./Drivers/STM32F4xx_HAL_Driver/Src/stm32f4xx_hal_cortex.o
                0x0800284a                HAL_NVIC_EnableIRQ
 .text.HAL_SYSTICK_Config
                0x08002866       0x18 ./Drivers/STM32F4xx_HAL_Driver/Src/stm32f4xx_hal_cortex.o
                0x08002866                HAL_SYSTICK_Config
 .text.HAL_DMA_Abort
                0x0800287e       0xe0 ./Drivers/STM32F4xx_HAL_Driver/Src/stm32f4xx_hal_dma.o
                0x0800287e                HAL_DMA_Abort
 .text.HAL_DMA_Abort_IT
                0x0800295e       0x44 ./Drivers/STM32F4xx_HAL_Driver/Src/stm32f4xx_hal_dma.o
                0x0800295e                HAL_DMA_Abort_IT
 *fill*         0x080029a2        0x2 
 .text.HAL_GPIO_Init
                0x080029a4      0x338 ./Drivers/STM32F4xx_HAL_Driver/Src/stm32f4xx_hal_gpio.o
                0x080029a4                HAL_GPIO_Init
 .text.HAL_GPIO_WritePin
                0x08002cdc       0x32 ./Drivers/STM32F4xx_HAL_Driver/Src/stm32f4xx_hal_gpio.o
                0x08002cdc                HAL_GPIO_WritePin
 .text.HAL_GPIO_TogglePin
                0x08002d0e       0x34 ./Drivers/STM32F4xx_HAL_Driver/Src/stm32f4xx_hal_gpio.o
                0x08002d0e                HAL_GPIO_TogglePin
 *fill*         0x08002d42        0x2 
 .text.HAL_GPIO_EXTI_IRQHandler
                0x08002d44       0x30 ./Drivers/STM32F4xx_HAL_Driver/Src/stm32f4xx_hal_gpio.o
                0x08002d44                HAL_GPIO_EXTI_IRQHandler
 .text.HAL_RCC_OscConfig
                0x08002d74      0x4f0 ./Drivers/STM32F4xx_HAL_Driver/Src/stm32f4xx_hal_rcc.o
                0x08002d74                HAL_RCC_OscConfig
 .text.HAL_RCC_ClockConfig
                0x08003264      0x1cc ./Drivers/STM32F4xx_HAL_Driver/Src/stm32f4xx_hal_rcc.o
                0x08003264                HAL_RCC_ClockConfig
 .text.HAL_RCC_GetSysClockFreq
                0x08003430      0x20c ./Drivers/STM32F4xx_HAL_Driver/Src/stm32f4xx_hal_rcc.o
                0x08003430                HAL_RCC_GetSysClockFreq
 .text.HAL_RCC_GetHCLKFreq
                0x0800363c       0x18 ./Drivers/STM32F4xx_HAL_Driver/Src/stm32f4xx_hal_rcc.o
                0x0800363c                HAL_RCC_GetHCLKFreq
 .text.HAL_RCC_GetPCLK1Freq
                0x08003654       0x28 ./Drivers/STM32F4xx_HAL_Driver/Src/stm32f4xx_hal_rcc.o
                0x08003654                HAL_RCC_GetPCLK1Freq
 .text.HAL_RCC_GetPCLK2Freq
                0x0800367c       0x28 ./Drivers/STM32F4xx_HAL_Driver/Src/stm32f4xx_hal_rcc.o
                0x0800367c                HAL_RCC_GetPCLK2Freq
 .text.HAL_TIM_Base_Init
                0x080036a4       0x9e ./Drivers/STM32F4xx_HAL_Driver/Src/stm32f4xx_hal_tim.o
                0x080036a4                HAL_TIM_Base_Init
 *fill*         0x08003742        0x2 
 .text.HAL_TIM_Base_Start_IT
                0x08003744       0xe0 ./Drivers/STM32F4xx_HAL_Driver/Src/stm32f4xx_hal_tim.o
                0x08003744                HAL_TIM_Base_Start_IT
 .text.HAL_TIM_PWM_Init
                0x08003824       0x9e ./Drivers/STM32F4xx_HAL_Driver/Src/stm32f4xx_hal_tim.o
                0x08003824                HAL_TIM_PWM_Init
 .text.HAL_TIM_PWM_MspInit
                0x080038c2       0x14 ./Drivers/STM32F4xx_HAL_Driver/Src/stm32f4xx_hal_tim.o
                0x080038c2                HAL_TIM_PWM_MspInit
 *fill*         0x080038d6        0x2 
 .text.HAL_TIM_PWM_Start
                0x080038d8      0x190 ./Drivers/STM32F4xx_HAL_Driver/Src/stm32f4xx_hal_tim.o
                0x080038d8                HAL_TIM_PWM_Start
 .text.HAL_TIM_IRQHandler
                0x08003a68      0x1e0 ./Drivers/STM32F4xx_HAL_Driver/Src/stm32f4xx_hal_tim.o
                0x08003a68                HAL_TIM_IRQHandler
 .text.HAL_TIM_PWM_ConfigChannel
                0x08003c48      0x184 ./Drivers/STM32F4xx_HAL_Driver/Src/stm32f4xx_hal_tim.o
                0x08003c48                HAL_TIM_PWM_ConfigChannel
 .text.HAL_TIM_ConfigClockSource
                0x08003dcc      0x18e ./Drivers/STM32F4xx_HAL_Driver/Src/stm32f4xx_hal_tim.o
                0x08003dcc                HAL_TIM_ConfigClockSource
 .text.HAL_TIM_OC_DelayElapsedCallback
                0x08003f5a       0x14 ./Drivers/STM32F4xx_HAL_Driver/Src/stm32f4xx_hal_tim.o
                0x08003f5a                HAL_TIM_OC_DelayElapsedCallback
 .text.HAL_TIM_IC_CaptureCallback
                0x08003f6e       0x14 ./Drivers/STM32F4xx_HAL_Driver/Src/stm32f4xx_hal_tim.o
                0x08003f6e                HAL_TIM_IC_CaptureCallback
 .text.HAL_TIM_PWM_PulseFinishedCallback
                0x08003f82       0x14 ./Drivers/STM32F4xx_HAL_Driver/Src/stm32f4xx_hal_tim.o
                0x08003f82                HAL_TIM_PWM_PulseFinishedCallback
 .text.HAL_TIM_TriggerCallback
                0x08003f96       0x14 ./Drivers/STM32F4xx_HAL_Driver/Src/stm32f4xx_hal_tim.o
                0x08003f96                HAL_TIM_TriggerCallback
 *fill*         0x08003faa        0x2 
 .text.TIM_Base_SetConfig
                0x08003fac      0x158 ./Drivers/STM32F4xx_HAL_Driver/Src/stm32f4xx_hal_tim.o
                0x08003fac                TIM_Base_SetConfig
 .text.TIM_OC1_SetConfig
                0x08004104       0xe0 ./Drivers/STM32F4xx_HAL_Driver/Src/stm32f4xx_hal_tim.o
 .text.TIM_OC2_SetConfig
                0x080041e4       0xec ./Drivers/STM32F4xx_HAL_Driver/Src/stm32f4xx_hal_tim.o
                0x080041e4                TIM_OC2_SetConfig
 .text.TIM_OC3_SetConfig
                0x080042d0       0xe8 ./Drivers/STM32F4xx_HAL_Driver/Src/stm32f4xx_hal_tim.o
 .text.TIM_OC4_SetConfig
                0x080043b8       0xac ./Drivers/STM32F4xx_HAL_Driver/Src/stm32f4xx_hal_tim.o
 .text.TIM_TI1_ConfigInputStage
                0x08004464       0x5e ./Drivers/STM32F4xx_HAL_Driver/Src/stm32f4xx_hal_tim.o
 .text.TIM_TI2_ConfigInputStage
                0x080044c2       0x60 ./Drivers/STM32F4xx_HAL_Driver/Src/stm32f4xx_hal_tim.o
 .text.TIM_ITRx_SetConfig
                0x08004522       0x36 ./Drivers/STM32F4xx_HAL_Driver/Src/stm32f4xx_hal_tim.o
 .text.TIM_ETR_SetConfig
                0x08004558       0x40 ./Drivers/STM32F4xx_HAL_Driver/Src/stm32f4xx_hal_tim.o
                0x08004558                TIM_ETR_SetConfig
 .text.TIM_CCxChannelCmd
                0x08004598       0x4a ./Drivers/STM32F4xx_HAL_Driver/Src/stm32f4xx_hal_tim.o
                0x08004598                TIM_CCxChannelCmd
 *fill*         0x080045e2        0x2 
 .text.HAL_TIMEx_MasterConfigSynchronization
                0x080045e4       0xf8 ./Drivers/STM32F4xx_HAL_Driver/Src/stm32f4xx_hal_tim_ex.o
                0x080045e4                HAL_TIMEx_MasterConfigSynchronization
 .text.HAL_TIMEx_CommutCallback
                0x080046dc       0x14 ./Drivers/STM32F4xx_HAL_Driver/Src/stm32f4xx_hal_tim_ex.o
                0x080046dc                HAL_TIMEx_CommutCallback
 .text.HAL_TIMEx_BreakCallback
                0x080046f0       0x14 ./Drivers/STM32F4xx_HAL_Driver/Src/stm32f4xx_hal_tim_ex.o
                0x080046f0                HAL_TIMEx_BreakCallback
 .text.HAL_UART_Init
                0x08004704       0xa0 ./Drivers/STM32F4xx_HAL_Driver/Src/stm32f4xx_hal_uart.o
                0x08004704                HAL_UART_Init
 .text.HAL_UART_Transmit_IT
                0x080047a4       0x6c ./Drivers/STM32F4xx_HAL_Driver/Src/stm32f4xx_hal_uart.o
                0x080047a4                HAL_UART_Transmit_IT
 .text.HAL_UART_IRQHandler
                0x08004810      0x524 ./Drivers/STM32F4xx_HAL_Driver/Src/stm32f4xx_hal_uart.o
                0x08004810                HAL_UART_IRQHandler
 .text.HAL_UART_RxCpltCallback
                0x08004d34       0x14 ./Drivers/STM32F4xx_HAL_Driver/Src/stm32f4xx_hal_uart.o
                0x08004d34                HAL_UART_RxCpltCallback
 .text.HAL_UART_ErrorCallback
                0x08004d48       0x14 ./Drivers/STM32F4xx_HAL_Driver/Src/stm32f4xx_hal_uart.o
                0x08004d48                HAL_UART_ErrorCallback
 .text.HAL_UARTEx_RxEventCallback
                0x08004d5c       0x18 ./Drivers/STM32F4xx_HAL_Driver/Src/stm32f4xx_hal_uart.o
                0x08004d5c                HAL_UARTEx_RxEventCallback
 .text.UART_EndRxTransfer
                0x08004d74       0xc6 ./Drivers/STM32F4xx_HAL_Driver/Src/stm32f4xx_hal_uart.o
 .text.UART_DMAAbortOnError
                0x08004e3a       0x28 ./Drivers/STM32F4xx_HAL_Driver/Src/stm32f4xx_hal_uart.o
 .text.UART_Transmit_IT
                0x08004e62       0xa0 ./Drivers/STM32F4xx_HAL_Driver/Src/stm32f4xx_hal_uart.o
 .text.UART_EndTransmit_IT
                0x08004f02       0x30 ./Drivers/STM32F4xx_HAL_Driver/Src/stm32f4xx_hal_uart.o
 .text.UART_Receive_IT
                0x08004f32      0x17c ./Drivers/STM32F4xx_HAL_Driver/Src/stm32f4xx_hal_uart.o
 *fill*         0x080050ae        0x2 
 .text.UART_SetConfig
                0x080050b0      0x4e8 ./Drivers/STM32F4xx_HAL_Driver/Src/stm32f4xx_hal_uart.o
 .text.vListInitialise
                0x08005598       0x40 ./Middleware/FreeRTOS/list.o
                0x08005598                vListInitialise
 .text.vListInitialiseItem
                0x080055d8       0x1a ./Middleware/FreeRTOS/list.o
                0x080055d8                vListInitialiseItem
 .text.vListInsert
                0x080055f2       0x72 ./Middleware/FreeRTOS/list.o
                0x080055f2                vListInsert
 .text.uxListRemove
                0x08005664       0x54 ./Middleware/FreeRTOS/list.o
                0x08005664                uxListRemove
 .text.xQueueGenericReset
                0x080056b8      0x124 ./Middleware/FreeRTOS/queue.o
                0x080056b8                xQueueGenericReset
 .text.xQueueGenericCreate
                0x080057dc       0x9e ./Middleware/FreeRTOS/queue.o
                0x080057dc                xQueueGenericCreate
 .text.prvInitialiseNewQueue
                0x0800587a       0x46 ./Middleware/FreeRTOS/queue.o
 .text.xQueueGenericSendFromISR
                0x080058c0      0x16c ./Middleware/FreeRTOS/queue.o
                0x080058c0                xQueueGenericSendFromISR
 .text.xQueueGiveFromISR
                0x08005a2c      0x150 ./Middleware/FreeRTOS/queue.o
                0x08005a2c                xQueueGiveFromISR
 .text.xQueueReceive
                0x08005b7c      0x194 ./Middleware/FreeRTOS/queue.o
                0x08005b7c                xQueueReceive
 .text.xQueueSemaphoreTake
                0x08005d10      0x1d0 ./Middleware/FreeRTOS/queue.o
                0x08005d10                xQueueSemaphoreTake
 .text.prvGetDisinheritPriorityAfterTimeout
                0x08005ee0       0x30 ./Middleware/FreeRTOS/queue.o
 .text.prvCopyDataToQueue
                0x08005f10       0xd4 ./Middleware/FreeRTOS/queue.o
 .text.prvCopyDataFromQueue
                0x08005fe4       0x4c ./Middleware/FreeRTOS/queue.o
 .text.prvUnlockQueue
                0x08006030       0xa4 ./Middleware/FreeRTOS/queue.o
 .text.prvIsQueueEmpty
                0x080060d4       0x2c ./Middleware/FreeRTOS/queue.o
 .text.xTaskCreate
                0x08006100       0x8c ./Middleware/FreeRTOS/tasks.o
                0x08006100                xTaskCreate
 .text.prvInitialiseNewTask
                0x0800618c      0x120 ./Middleware/FreeRTOS/tasks.o
 .text.prvAddNewTaskToReadyList
                0x080062ac      0x168 ./Middleware/FreeRTOS/tasks.o
 .text.vTaskDelay
                0x08006414       0x6c ./Middleware/FreeRTOS/tasks.o
                0x08006414                vTaskDelay
 .text.vTaskStartScheduler
                0x08006480       0xb8 ./Middleware/FreeRTOS/tasks.o
                0x08006480                vTaskStartScheduler
 .text.vTaskSuspendAll
                0x08006538       0x1c ./Middleware/FreeRTOS/tasks.o
                0x08006538                vTaskSuspendAll
 .text.xTaskResumeAll
                0x08006554      0x200 ./Middleware/FreeRTOS/tasks.o
                0x08006554                xTaskResumeAll
 .text.xTaskGetTickCountFromISR
                0x08006754       0x24 ./Middleware/FreeRTOS/tasks.o
                0x08006754                xTaskGetTickCountFromISR
 .text.uxTaskGetNumberOfTasks
                0x08006778       0x18 ./Middleware/FreeRTOS/tasks.o
                0x08006778                uxTaskGetNumberOfTasks
 .text.xTaskIncrementTick
                0x08006790      0x238 ./Middleware/FreeRTOS/tasks.o
                0x08006790                xTaskIncrementTick
 .text.vTaskSwitchContext
                0x080069c8       0xd4 ./Middleware/FreeRTOS/tasks.o
                0x080069c8                vTaskSwitchContext
 .text.vTaskPlaceOnEventList
                0x08006a9c       0x4c ./Middleware/FreeRTOS/tasks.o
                0x08006a9c                vTaskPlaceOnEventList
 .text.xTaskRemoveFromEventList
                0x08006ae8      0x1b4 ./Middleware/FreeRTOS/tasks.o
                0x08006ae8                xTaskRemoveFromEventList
 .text.vTaskInternalSetTimeOutState
                0x08006c9c       0x2c ./Middleware/FreeRTOS/tasks.o
                0x08006c9c                vTaskInternalSetTimeOutState
 .text.xTaskCheckForTimeOut
                0x08006cc8       0xd0 ./Middleware/FreeRTOS/tasks.o
                0x08006cc8                xTaskCheckForTimeOut
 .text.vTaskMissedYield
                0x08006d98       0x18 ./Middleware/FreeRTOS/tasks.o
                0x08006d98                vTaskMissedYield
 .text.prvIdleTask
                0x08006db0       0x30 ./Middleware/FreeRTOS/tasks.o
 .text.prvInitialiseTaskLists
                0x08006de0       0x80 ./Middleware/FreeRTOS/tasks.o
 .text.prvCheckTasksWaitingTermination
                0x08006e60       0x5c ./Middleware/FreeRTOS/tasks.o
 .text.prvDeleteTCB
                0x08006ebc       0x20 ./Middleware/FreeRTOS/tasks.o
 .text.prvResetNextTaskUnblockTime
                0x08006edc       0x38 ./Middleware/FreeRTOS/tasks.o
 .text.xTaskPriorityInherit
                0x08006f14      0x144 ./Middleware/FreeRTOS/tasks.o
                0x08006f14                xTaskPriorityInherit
 .text.xTaskPriorityDisinherit
                0x08007058      0x154 ./Middleware/FreeRTOS/tasks.o
                0x08007058                xTaskPriorityDisinherit
 .text.vTaskPriorityDisinheritAfterTimeout
                0x080071ac      0x180 ./Middleware/FreeRTOS/tasks.o
                0x080071ac                vTaskPriorityDisinheritAfterTimeout
 .text.pvTaskIncrementMutexHeldCount
                0x0800732c       0x28 ./Middleware/FreeRTOS/tasks.o
                0x0800732c                pvTaskIncrementMutexHeldCount
 .text.prvAddCurrentTaskToDelayedList
                0x08007354      0x100 ./Middleware/FreeRTOS/tasks.o
 .text.pxPortInitialiseStack
                0x08007454       0x68 ./Middleware/FreeRTOS/portable/GCC/ARM_CM4F/port.o
                0x08007454                pxPortInitialiseStack
 .text.prvTaskExitError
                0x080074bc       0x5c ./Middleware/FreeRTOS/portable/GCC/ARM_CM4F/port.o
 *fill*         0x08007518        0x8 
 .text.SVC_Handler
                0x08007520       0x28 ./Middleware/FreeRTOS/portable/GCC/ARM_CM4F/port.o
                0x08007520                SVC_Handler
 .text.prvPortStartFirstTask
                0x08007548       0x2c ./Middleware/FreeRTOS/portable/GCC/ARM_CM4F/port.o
 .text.xPortStartScheduler
                0x08007574      0x148 ./Middleware/FreeRTOS/portable/GCC/ARM_CM4F/port.o
                0x08007574                xPortStartScheduler
 .text.vPortEnterCritical
                0x080076bc       0x64 ./Middleware/FreeRTOS/portable/GCC/ARM_CM4F/port.o
                0x080076bc                vPortEnterCritical
 .text.vPortExitCritical
                0x08007720       0x54 ./Middleware/FreeRTOS/portable/GCC/ARM_CM4F/port.o
                0x08007720                vPortExitCritical
 *fill*         0x08007774        0xc 
 .text.PendSV_Handler
                0x08007780       0x68 ./Middleware/FreeRTOS/portable/GCC/ARM_CM4F/port.o
                0x08007780                PendSV_Handler
 .text.SysTick_Handler
                0x080077e8       0x44 ./Middleware/FreeRTOS/portable/GCC/ARM_CM4F/port.o
                0x080077e8                SysTick_Handler
 .text.vPortSetupTimerInterrupt
                0x0800782c       0x48 ./Middleware/FreeRTOS/portable/GCC/ARM_CM4F/port.o
                0x0800782c                vPortSetupTimerInterrupt
 .text.vPortEnableVFP
                0x08007874       0x18 ./Middleware/FreeRTOS/portable/GCC/ARM_CM4F/port.o
 .text.vPortValidateInterruptPriority
                0x0800788c       0x84 ./Middleware/FreeRTOS/portable/GCC/ARM_CM4F/port.o
                0x0800788c                vPortValidateInterruptPriority
 .text.pvPortMalloc
                0x08007910      0x178 ./Middleware/FreeRTOS/portable/MemMang/heap_4.o
                0x08007910                pvPortMalloc
 .text.vPortFree
                0x08007a88       0xbc ./Middleware/FreeRTOS/portable/MemMang/heap_4.o
                0x08007a88                vPortFree
 .text.prvHeapInit
                0x08007b44       0xb8 ./Middleware/FreeRTOS/portable/MemMang/heap_4.o
 .text.prvInsertBlockIntoFreeList
                0x08007bfc       0xb4 ./Middleware/FreeRTOS/portable/MemMang/heap_4.o
 .text._cbSendSystemDesc
                0x08007cb0       0x1c ./Middleware/SEGGER/Config/SEGGER_SYSVIEW_Config_FreeRTOS.o
 .text.SEGGER_SYSVIEW_Conf
                0x08007ccc       0x2c ./Middleware/SEGGER/Config/SEGGER_SYSVIEW_Config_FreeRTOS.o
                0x08007ccc                SEGGER_SYSVIEW_Conf
 .text._cbSendTaskList
                0x08007cf8       0x90 ./Middleware/SEGGER/FreeRTOSV11/SEGGER_SYSVIEW_FreeRTOS.o
 .text._cbGetTime
                0x08007d88       0x86 ./Middleware/SEGGER/FreeRTOSV11/SEGGER_SYSVIEW_FreeRTOS.o
 *fill*         0x08007e0e        0x2 
 .text.SYSVIEW_AddTask
                0x08007e10       0xd0 ./Middleware/SEGGER/FreeRTOSV11/SEGGER_SYSVIEW_FreeRTOS.o
                0x08007e10                SYSVIEW_AddTask
 .text.SYSVIEW_SendTaskInfo
                0x08007ee0       0x42 ./Middleware/SEGGER/FreeRTOSV11/SEGGER_SYSVIEW_FreeRTOS.o
                0x08007ee0                SYSVIEW_SendTaskInfo
 *fill*         0x08007f22        0x2 
 .text._DoInit  0x08007f24       0xb4 ./Middleware/SEGGER/SEGGER/SEGGER_RTT.o
 .text.SEGGER_RTT_ReadNoLock
                0x08007fd8      0x10c ./Middleware/SEGGER/SEGGER/SEGGER_RTT.o
                0x08007fd8                SEGGER_RTT_ReadNoLock
 .text.SEGGER_RTT_AllocUpBuffer
                0x080080e4      0x108 ./Middleware/SEGGER/SEGGER/SEGGER_RTT.o
                0x080080e4                SEGGER_RTT_AllocUpBuffer
 .text.SEGGER_RTT_ConfigDownBuffer
                0x080081ec       0x98 ./Middleware/SEGGER/SEGGER/SEGGER_RTT.o
                0x080081ec                SEGGER_RTT_ConfigDownBuffer
 .text._EncodeStr
                0x08008284       0x60 ./Middleware/SEGGER/SEGGER/SEGGER_SYSVIEW.o
 .text._PreparePacket
                0x080082e4       0x18 ./Middleware/SEGGER/SEGGER/SEGGER_SYSVIEW.o
 .text._HandleIncomingPacket
                0x080082fc       0xdc ./Middleware/SEGGER/SEGGER/SEGGER_SYSVIEW.o
 .text._TrySendOverflowPacket
                0x080083d8       0xe4 ./Middleware/SEGGER/SEGGER/SEGGER_SYSVIEW.o
 .text._SendPacket
                0x080084bc      0x2dc ./Middleware/SEGGER/SEGGER/SEGGER_SYSVIEW.o
 .text._VPrintHost
                0x08008798      0x17c ./Middleware/SEGGER/SEGGER/SEGGER_SYSVIEW.o
 .text.SEGGER_SYSVIEW_Init
                0x08008914       0x88 ./Middleware/SEGGER/SEGGER/SEGGER_SYSVIEW.o
                0x08008914                SEGGER_SYSVIEW_Init
 .text.SEGGER_SYSVIEW_SetRAMBase
                0x0800899c       0x20 ./Middleware/SEGGER/SEGGER/SEGGER_SYSVIEW.o
                0x0800899c                SEGGER_SYSVIEW_SetRAMBase
 .text.SEGGER_SYSVIEW_RecordVoid
                0x080089bc       0x3c ./Middleware/SEGGER/SEGGER/SEGGER_SYSVIEW.o
                0x080089bc                SEGGER_SYSVIEW_RecordVoid
 .text.SEGGER_SYSVIEW_RecordU32
                0x080089f8       0x78 ./Middleware/SEGGER/SEGGER/SEGGER_SYSVIEW.o
                0x080089f8                SEGGER_SYSVIEW_RecordU32
 .text.SEGGER_SYSVIEW_RecordU32x2
                0x08008a70       0xb4 ./Middleware/SEGGER/SEGGER/SEGGER_SYSVIEW.o
                0x08008a70                SEGGER_SYSVIEW_RecordU32x2
 .text.SEGGER_SYSVIEW_Start
                0x08008b24      0x174 ./Middleware/SEGGER/SEGGER/SEGGER_SYSVIEW.o
                0x08008b24                SEGGER_SYSVIEW_Start
 .text.SEGGER_SYSVIEW_Stop
                0x08008c98       0x4c ./Middleware/SEGGER/SEGGER/SEGGER_SYSVIEW.o
                0x08008c98                SEGGER_SYSVIEW_Stop
 .text.SEGGER_SYSVIEW_GetSysDesc
                0x08008ce4      0x134 ./Middleware/SEGGER/SEGGER/SEGGER_SYSVIEW.o
                0x08008ce4                SEGGER_SYSVIEW_GetSysDesc
 .text.SEGGER_SYSVIEW_SendTaskInfo
                0x08008e18      0x1c8 ./Middleware/SEGGER/SEGGER/SEGGER_SYSVIEW.o
                0x08008e18                SEGGER_SYSVIEW_SendTaskInfo
 .text.SEGGER_SYSVIEW_SendTaskList
                0x08008fe0       0x28 ./Middleware/SEGGER/SEGGER/SEGGER_SYSVIEW.o
                0x08008fe0                SEGGER_SYSVIEW_SendTaskList
 .text.SEGGER_SYSVIEW_SendSysDesc
                0x08009008       0x48 ./Middleware/SEGGER/SEGGER/SEGGER_SYSVIEW.o
                0x08009008                SEGGER_SYSVIEW_SendSysDesc
 .text.SEGGER_SYSVIEW_RecordSystime
                0x08009050       0x64 ./Middleware/SEGGER/SEGGER/SEGGER_SYSVIEW.o
                0x08009050                SEGGER_SYSVIEW_RecordSystime
 .text.SEGGER_SYSVIEW_OnIdle
                0x080090b4       0x38 ./Middleware/SEGGER/SEGGER/SEGGER_SYSVIEW.o
                0x080090b4                SEGGER_SYSVIEW_OnIdle
 .text.SEGGER_SYSVIEW_OnTaskCreate
                0x080090ec       0x84 ./Middleware/SEGGER/SEGGER/SEGGER_SYSVIEW.o
                0x080090ec                SEGGER_SYSVIEW_OnTaskCreate
 .text.SEGGER_SYSVIEW_OnTaskStartExec
                0x08009170       0x84 ./Middleware/SEGGER/SEGGER/SEGGER_SYSVIEW.o
                0x08009170                SEGGER_SYSVIEW_OnTaskStartExec
 .text.SEGGER_SYSVIEW_OnTaskStartReady
                0x080091f4       0x84 ./Middleware/SEGGER/SEGGER/SEGGER_SYSVIEW.o
                0x080091f4                SEGGER_SYSVIEW_OnTaskStartReady
 .text.SEGGER_SYSVIEW_SendModule
                0x08009278      0x114 ./Middleware/SEGGER/SEGGER/SEGGER_SYSVIEW.o
                0x08009278                SEGGER_SYSVIEW_SendModule
 .text.SEGGER_SYSVIEW_SendModuleDescription
                0x0800938c       0x3c ./Middleware/SEGGER/SEGGER/SEGGER_SYSVIEW.o
                0x0800938c                SEGGER_SYSVIEW_SendModuleDescription
 .text.SEGGER_SYSVIEW_SendNumModules
                0x080093c8       0x7c ./Middleware/SEGGER/SEGGER/SEGGER_SYSVIEW.o
                0x080093c8                SEGGER_SYSVIEW_SendNumModules
 .text.SEGGER_SYSVIEW_PrintfHost
                0x08009444       0x28 ./Middleware/SEGGER/SEGGER/SEGGER_SYSVIEW.o
                0x08009444                SEGGER_SYSVIEW_PrintfHost
 .text.SEGGER_SYSVIEW_Warn
                0x0800946c       0xb8 ./Middleware/SEGGER/SEGGER/SEGGER_SYSVIEW.o
                0x0800946c                SEGGER_SYSVIEW_Warn
 .text.memcmp   0x08009524       0x20 E:/STM32CubeIDE_1.16.1/STM32CubeIDE/plugins/com.st.stm32cube.ide.mcu.externaltools.gnu-tools-for-stm32.12.3.rel1.win32_1.0.200.202406191623/tools/bin/../lib/gcc/arm-none-eabi/12.3.1/../../../../arm-none-eabi/lib/thumb/v7e-m+fp/hard\libc_nano.a(libc_a-memcmp.o)
                0x08009524                memcmp
 .text.memset   0x08009544       0x10 E:/STM32CubeIDE_1.16.1/STM32CubeIDE/plugins/com.st.stm32cube.ide.mcu.externaltools.gnu-tools-for-stm32.12.3.rel1.win32_1.0.200.202406191623/tools/bin/../lib/gcc/arm-none-eabi/12.3.1/../../../../arm-none-eabi/lib/thumb/v7e-m+fp/hard\libc_nano.a(libc_a-memset.o)
                0x08009544                memset
 .text.__libc_init_array
                0x08009554       0x48 E:/STM32CubeIDE_1.16.1/STM32CubeIDE/plugins/com.st.stm32cube.ide.mcu.externaltools.gnu-tools-for-stm32.12.3.rel1.win32_1.0.200.202406191623/tools/bin/../lib/gcc/arm-none-eabi/12.3.1/../../../../arm-none-eabi/lib/thumb/v7e-m+fp/hard\libc_nano.a(libc_a-init.o)
                0x08009554                __libc_init_array
 .text.memcpy   0x0800959c       0x1c E:/STM32CubeIDE_1.16.1/STM32CubeIDE/plugins/com.st.stm32cube.ide.mcu.externaltools.gnu-tools-for-stm32.12.3.rel1.win32_1.0.200.202406191623/tools/bin/../lib/gcc/arm-none-eabi/12.3.1/../../../../arm-none-eabi/lib/thumb/v7e-m+fp/hard\libc_nano.a(libc_a-memcpy-stub.o)
                0x0800959c                memcpy
 *(.glue_7)
 .glue_7        0x080095b8        0x0 linker stubs
 *(.glue_7t)
 .glue_7t       0x080095b8        0x0 linker stubs
 *(.eh_frame)
 .eh_frame      0x080095b8        0x0 E:/STM32CubeIDE_1.16.1/STM32CubeIDE/plugins/com.st.stm32cube.ide.mcu.externaltools.gnu-tools-for-stm32.12.3.rel1.win32_1.0.200.202406191623/tools/bin/../lib/gcc/arm-none-eabi/12.3.1/thumb/v7e-m+fp/hard/crtbegin.o
 *(.init)
 .init          0x080095b8        0x4 E:/STM32CubeIDE_1.16.1/STM32CubeIDE/plugins/com.st.stm32cube.ide.mcu.externaltools.gnu-tools-for-stm32.12.3.rel1.win32_1.0.200.202406191623/tools/bin/../lib/gcc/arm-none-eabi/12.3.1/thumb/v7e-m+fp/hard/crti.o
                0x080095b8                _init
 .init          0x080095bc        0x8 E:/STM32CubeIDE_1.16.1/STM32CubeIDE/plugins/com.st.stm32cube.ide.mcu.externaltools.gnu-tools-for-stm32.12.3.rel1.win32_1.0.200.202406191623/tools/bin/../lib/gcc/arm-none-eabi/12.3.1/thumb/v7e-m+fp/hard/crtn.o
 *(.fini)
 .fini          0x080095c4        0x4 E:/STM32CubeIDE_1.16.1/STM32CubeIDE/plugins/com.st.stm32cube.ide.mcu.externaltools.gnu-tools-for-stm32.12.3.rel1.win32_1.0.200.202406191623/tools/bin/../lib/gcc/arm-none-eabi/12.3.1/thumb/v7e-m+fp/hard/crti.o
                0x080095c4                _fini
 .fini          0x080095c8        0x8 E:/STM32CubeIDE_1.16.1/STM32CubeIDE/plugins/com.st.stm32cube.ide.mcu.externaltools.gnu-tools-for-stm32.12.3.rel1.win32_1.0.200.202406191623/tools/bin/../lib/gcc/arm-none-eabi/12.3.1/thumb/v7e-m+fp/hard/crtn.o
                0x080095d0                        . = ALIGN (0x4)
                0x080095d0                        _etext = .

.vfp11_veneer   0x080095d0        0x0
 .vfp11_veneer  0x080095d0        0x0 linker stubs

.v4_bx          0x080095d0        0x0
 .v4_bx         0x080095d0        0x0 linker stubs

.iplt           0x080095d0        0x0
 .iplt          0x080095d0        0x0 E:/STM32CubeIDE_1.16.1/STM32CubeIDE/plugins/com.st.stm32cube.ide.mcu.externaltools.gnu-tools-for-stm32.12.3.rel1.win32_1.0.200.202406191623/tools/bin/../lib/gcc/arm-none-eabi/12.3.1/thumb/v7e-m+fp/hard/crtbegin.o

.rodata         0x080095d0      0x1e8
                0x080095d0                        . = ALIGN (0x4)
 *(.rodata)
 .rodata        0x080095d0       0xe8 ./Core/Src/main.o
 .rodata        0x080096b8        0x5 ./Middleware/FreeRTOS/tasks.o
 *fill*         0x080096bd        0x3 
 .rodata        0x080096c0       0x41 ./Middleware/SEGGER/Config/SEGGER_SYSVIEW_Config_FreeRTOS.o
 *fill*         0x08009701        0x3 
 .rodata        0x08009704       0x58 ./Middleware/SEGGER/FreeRTOSV11/SEGGER_SYSVIEW_FreeRTOS.o
 .rodata        0x0800975c        0x9 ./Middleware/SEGGER/SEGGER/SEGGER_RTT.o
 *fill*         0x08009765        0x3 
 .rodata        0x08009768       0x10 ./Middleware/SEGGER/SEGGER/SEGGER_SYSVIEW.o
 *(.rodata*)
 .rodata.AHBPrescTable
                0x08009778       0x10 ./Core/Src/system_stm32f4xx.o
                0x08009778                AHBPrescTable
 .rodata.APBPrescTable
                0x08009788        0x8 ./Core/Src/system_stm32f4xx.o
                0x08009788                APBPrescTable
 .rodata.SYSVIEW_X_OS_TraceAPI
                0x08009790        0x8 ./Middleware/SEGGER/FreeRTOSV11/SEGGER_SYSVIEW_FreeRTOS.o
                0x08009790                SYSVIEW_X_OS_TraceAPI
 .rodata._aInitStr.0
                0x08009798       0x11 ./Middleware/SEGGER/SEGGER/SEGGER_RTT.o
 *fill*         0x080097a9        0x3 
 .rodata._abSync
                0x080097ac        0xa ./Middleware/SEGGER/SEGGER/SEGGER_SYSVIEW.o
                0x080097b8                        . = ALIGN (0x4)
 *fill*         0x080097b6        0x2 

.ARM.extab      0x080097b8        0x0
                0x080097b8                        . = ALIGN (0x4)
 *(.ARM.extab* .gnu.linkonce.armextab.*)
                0x080097b8                        . = ALIGN (0x4)

.ARM            0x080097b8        0x8
                0x080097b8                        . = ALIGN (0x4)
                0x080097b8                        __exidx_start = .
 *(.ARM.exidx*)
 .ARM.exidx     0x080097b8        0x8 E:/STM32CubeIDE_1.16.1/STM32CubeIDE/plugins/com.st.stm32cube.ide.mcu.externaltools.gnu-tools-for-stm32.12.3.rel1.win32_1.0.200.202406191623/tools/bin/../lib/gcc/arm-none-eabi/12.3.1/thumb/v7e-m+fp/hard\libgcc.a(_udivmoddi4.o)
                0x080097c0                        __exidx_end = .
                0x080097c0                        . = ALIGN (0x4)

.preinit_array  0x080097c0        0x0
                0x080097c0                        . = ALIGN (0x4)
                0x080097c0                        PROVIDE (__preinit_array_start = .)
 *(.preinit_array*)
                0x080097c0                        PROVIDE (__preinit_array_end = .)
                0x080097c0                        . = ALIGN (0x4)

.init_array     0x080097c0        0x4
                0x080097c0                        . = ALIGN (0x4)
                0x080097c0                        PROVIDE (__init_array_start = .)
 *(SORT_BY_NAME(.init_array.*))
 *(.init_array*)
 .init_array    0x080097c0        0x4 E:/STM32CubeIDE_1.16.1/STM32CubeIDE/plugins/com.st.stm32cube.ide.mcu.externaltools.gnu-tools-for-stm32.12.3.rel1.win32_1.0.200.202406191623/tools/bin/../lib/gcc/arm-none-eabi/12.3.1/thumb/v7e-m+fp/hard/crtbegin.o
                0x080097c4                        PROVIDE (__init_array_end = .)
                0x080097c4                        . = ALIGN (0x4)

.fini_array     0x080097c4        0x4
                0x080097c4                        . = ALIGN (0x4)
                [!provide]                        PROVIDE (__fini_array_start = .)
 *(SORT_BY_NAME(.fini_array.*))
 *(.fini_array*)
 .fini_array    0x080097c4        0x4 E:/STM32CubeIDE_1.16.1/STM32CubeIDE/plugins/com.st.stm32cube.ide.mcu.externaltools.gnu-tools-for-stm32.12.3.rel1.win32_1.0.200.202406191623/tools/bin/../lib/gcc/arm-none-eabi/12.3.1/thumb/v7e-m+fp/hard/crtbegin.o
                [!provide]                        PROVIDE (__fini_array_end = .)
                0x080097c8                        . = ALIGN (0x4)
                0x080097c8                        _sidata = LOADADDR (.data)

.rel.dyn        0x080097c8        0x0
 .rel.iplt      0x080097c8        0x0 E:/STM32CubeIDE_1.16.1/STM32CubeIDE/plugins/com.st.stm32cube.ide.mcu.externaltools.gnu-tools-for-stm32.12.3.rel1.win32_1.0.200.202406191623/tools/bin/../lib/gcc/arm-none-eabi/12.3.1/thumb/v7e-m+fp/hard/crtbegin.o

.data           0x20000000       0x18 load address 0x080097c8
                0x20000000                        . = ALIGN (0x4)
                0x20000000                        _sdata = .
 *(.data)
 *(.data*)
 .data.recalibrate
                0x20000000        0x1 ./Core/Src/main.o
                0x20000000                recalibrate
 *fill*         0x20000001        0x3 
 .data.SystemCoreClock
                0x20000004        0x4 ./Core/Src/system_stm32f4xx.o
                0x20000004                SystemCoreClock
 .data.uwTickPrio
                0x20000008        0x4 ./Drivers/STM32F4xx_HAL_Driver/Src/stm32f4xx_hal.o
                0x20000008                uwTickPrio
 .data.uwTickFreq
                0x2000000c        0x1 ./Drivers/STM32F4xx_HAL_Driver/Src/stm32f4xx_hal.o
                0x2000000c                uwTickFreq
 *fill*         0x2000000d        0x3 
 .data.uxTopUsedPriority
                0x20000010        0x4 ./Middleware/FreeRTOS/tasks.o
                0x20000010                uxTopUsedPriority
 .data.uxCriticalNesting
                0x20000014        0x4 ./Middleware/FreeRTOS/portable/GCC/ARM_CM4F/port.o
 *(.RamFunc)
 *(.RamFunc*)
                0x20000018                        . = ALIGN (0x4)
                0x20000018                        _edata = .
                0x080097e0                        _siccmram = LOADADDR (.ccmram)

.igot.plt       0x20000018        0x0 load address 0x080097e0
 .igot.plt      0x20000018        0x0 E:/STM32CubeIDE_1.16.1/STM32CubeIDE/plugins/com.st.stm32cube.ide.mcu.externaltools.gnu-tools-for-stm32.12.3.rel1.win32_1.0.200.202406191623/tools/bin/../lib/gcc/arm-none-eabi/12.3.1/thumb/v7e-m+fp/hard/crtbegin.o

.ccmram         0x10000000        0x0 load address 0x080097e0
                0x10000000                        . = ALIGN (0x4)
                0x10000000                        _sccmram = .
 *(.ccmram)
 *(.ccmram*)
                0x10000000                        . = ALIGN (0x4)
                0x10000000                        _eccmram = .
                0x10000000                        . = ALIGN (0x4)

.bss            0x20000018    0x1394c
                0x20000018                        _sbss = .
                0x20000018                        __bss_start__ = _sbss
 *(.bss)
 .bss           0x20000018       0x1c E:/STM32CubeIDE_1.16.1/STM32CubeIDE/plugins/com.st.stm32cube.ide.mcu.externaltools.gnu-tools-for-stm32.12.3.rel1.win32_1.0.200.202406191623/tools/bin/../lib/gcc/arm-none-eabi/12.3.1/thumb/v7e-m+fp/hard/crtbegin.o
 *(.bss*)
 .bss.hadc3     0x20000034       0x48 ./Core/Src/main.o
                0x20000034                hadc3
 .bss.hcan1     0x2000007c       0x28 ./Core/Src/main.o
                0x2000007c                hcan1
 .bss.htim2     0x200000a4       0x48 ./Core/Src/main.o
                0x200000a4                htim2
 .bss.htim3     0x200000ec       0x48 ./Core/Src/main.o
                0x200000ec                htim3
 .bss.huart5    0x20000134       0x48 ./Core/Src/main.o
                0x20000134                huart5
 .bss.time_in_sec
                0x2000017c        0x4 ./Core/Src/main.o
                0x2000017c                time_in_sec
 .bss.speed     0x20000180        0x1 ./Core/Src/main.o
                0x20000180                speed
 *fill*         0x20000181        0x1 
 .bss.distance  0x20000182        0x2 ./Core/Src/main.o
                0x20000182                distance
 .bss.wheel_revolution_cnt
                0x20000184        0x2 ./Core/Src/main.o
                0x20000184                wheel_revolution_cnt
 *fill*         0x20000186        0x2 
 .bss.RxHeader  0x20000188       0x1c ./Core/Src/main.o
                0x20000188                RxHeader
 .bss.RxData    0x200001a4        0x2 ./Core/Src/main.o
                0x200001a4                RxData
 *fill*         0x200001a6        0x2 
 .bss.TxData    0x200001a8        0x5 ./Core/Src/main.o
                0x200001a8                TxData
 *fill*         0x200001ad        0x3 
 .bss.CANRxQueue
                0x200001b0        0x4 ./Core/Src/main.o
                0x200001b0                CANRxQueue
 .bss.xCaptureSemaphore
                0x200001b4        0x4 ./Core/Src/main.o
                0x200001b4                xCaptureSemaphore
 .bss.prev_IT_occurence.1
                0x200001b8        0x4 ./Core/Src/main.o
 .bss.prev_pot_val.0
                0x200001bc        0x2 ./Core/Src/main.o
 *fill*         0x200001be        0x2 
 .bss.uwTick    0x200001c0        0x4 ./Drivers/STM32F4xx_HAL_Driver/Src/stm32f4xx_hal.o
                0x200001c0                uwTick
 .bss.pxCurrentTCB
                0x200001c4        0x4 ./Middleware/FreeRTOS/tasks.o
                0x200001c4                pxCurrentTCB
 .bss.pxReadyTasksLists
                0x200001c8       0x64 ./Middleware/FreeRTOS/tasks.o
 .bss.xDelayedTaskList1
                0x2000022c       0x14 ./Middleware/FreeRTOS/tasks.o
 .bss.xDelayedTaskList2
                0x20000240       0x14 ./Middleware/FreeRTOS/tasks.o
 .bss.pxDelayedTaskList
                0x20000254        0x4 ./Middleware/FreeRTOS/tasks.o
 .bss.pxOverflowDelayedTaskList
                0x20000258        0x4 ./Middleware/FreeRTOS/tasks.o
 .bss.xPendingReadyList
                0x2000025c       0x14 ./Middleware/FreeRTOS/tasks.o
 .bss.xTasksWaitingTermination
                0x20000270       0x14 ./Middleware/FreeRTOS/tasks.o
 .bss.uxDeletedTasksWaitingCleanUp
                0x20000284        0x4 ./Middleware/FreeRTOS/tasks.o
 .bss.xSuspendedTaskList
                0x20000288       0x14 ./Middleware/FreeRTOS/tasks.o
 .bss.uxCurrentNumberOfTasks
                0x2000029c        0x4 ./Middleware/FreeRTOS/tasks.o
 .bss.xTickCount
                0x200002a0        0x4 ./Middleware/FreeRTOS/tasks.o
 .bss.uxTopReadyPriority
                0x200002a4        0x4 ./Middleware/FreeRTOS/tasks.o
 .bss.xSchedulerRunning
                0x200002a8        0x4 ./Middleware/FreeRTOS/tasks.o
 .bss.xPendedTicks
                0x200002ac        0x4 ./Middleware/FreeRTOS/tasks.o
 .bss.xYieldPending
                0x200002b0        0x4 ./Middleware/FreeRTOS/tasks.o
 .bss.xNumOfOverflows
                0x200002b4        0x4 ./Middleware/FreeRTOS/tasks.o
 .bss.uxTaskNumber
                0x200002b8        0x4 ./Middleware/FreeRTOS/tasks.o
 .bss.xNextTaskUnblockTime
                0x200002bc        0x4 ./Middleware/FreeRTOS/tasks.o
 .bss.xIdleTaskHandle
                0x200002c0        0x4 ./Middleware/FreeRTOS/tasks.o
 .bss.uxSchedulerSuspended
                0x200002c4        0x4 ./Middleware/FreeRTOS/tasks.o
 .bss.ucMaxSysCallPriority
                0x200002c8        0x1 ./Middleware/FreeRTOS/portable/GCC/ARM_CM4F/port.o
 *fill*         0x200002c9        0x3 
 .bss.ulMaxPRIGROUPValue
                0x200002cc        0x4 ./Middleware/FreeRTOS/portable/GCC/ARM_CM4F/port.o
 .bss.ucHeap    0x200002d0    0x12c00 ./Middleware/FreeRTOS/portable/MemMang/heap_4.o
 .bss.xStart    0x20012ed0        0x8 ./Middleware/FreeRTOS/portable/MemMang/heap_4.o
 .bss.pxEnd     0x20012ed8        0x4 ./Middleware/FreeRTOS/portable/MemMang/heap_4.o
 .bss.xFreeBytesRemaining
                0x20012edc        0x4 ./Middleware/FreeRTOS/portable/MemMang/heap_4.o
 .bss.xMinimumEverFreeBytesRemaining
                0x20012ee0        0x4 ./Middleware/FreeRTOS/portable/MemMang/heap_4.o
 .bss.xNumberOfSuccessfulAllocations
                0x20012ee4        0x4 ./Middleware/FreeRTOS/portable/MemMang/heap_4.o
 .bss.xNumberOfSuccessfulFrees
                0x20012ee8        0x4 ./Middleware/FreeRTOS/portable/MemMang/heap_4.o
 .bss._aTasks   0x20012eec       0xa0 ./Middleware/SEGGER/FreeRTOSV11/SEGGER_SYSVIEW_FreeRTOS.o
 .bss._NumTasks
                0x20012f8c        0x4 ./Middleware/SEGGER/FreeRTOSV11/SEGGER_SYSVIEW_FreeRTOS.o
 .bss._SEGGER_RTT
                0x20012f90       0xa8 ./Middleware/SEGGER/SEGGER/SEGGER_RTT.o
                0x20012f90                _SEGGER_RTT
 .bss._acUpBuffer
                0x20013038      0x400 ./Middleware/SEGGER/SEGGER/SEGGER_RTT.o
 .bss._acDownBuffer
                0x20013438       0x10 ./Middleware/SEGGER/SEGGER/SEGGER_RTT.o
 .bss._UpBuffer
                0x20013448      0x400 ./Middleware/SEGGER/SEGGER/SEGGER_SYSVIEW.o
 .bss._DownBuffer
                0x20013848        0x8 ./Middleware/SEGGER/SEGGER/SEGGER_SYSVIEW.o
 .bss._SYSVIEW_Globals
                0x20013850       0x28 ./Middleware/SEGGER/SEGGER/SEGGER_SYSVIEW.o
 .bss._pFirstModule
                0x20013878        0x4 ./Middleware/SEGGER/SEGGER/SEGGER_SYSVIEW.o
 .bss._NumModules
                0x2001387c        0x1 ./Middleware/SEGGER/SEGGER/SEGGER_SYSVIEW.o
 *fill*         0x2001387d        0x3 
 .bss._aPacket  0x20013880       0xe3 ./Middleware/SEGGER/SEGGER/SEGGER_SYSVIEW.o
 *(COMMON)
                0x20013964                        . = ALIGN (0x4)
 *fill*         0x20013963        0x1 
                0x20013964                        _ebss = .
                0x20013964                        __bss_end__ = _ebss

._user_heap_stack
                0x20013964      0x604
                0x20013968                        . = ALIGN (0x8)
 *fill*         0x20013964        0x4 
                0x20013968                        PROVIDE (end = .)
                [!provide]                        PROVIDE (_end = .)
                0x20013b68                        . = (. + _Min_Heap_Size)
 *fill*         0x20013968      0x200 
                0x20013f68                        . = (. + _Min_Stack_Size)
 *fill*         0x20013b68      0x400 
                0x20013f68                        . = ALIGN (0x8)

/DISCARD/
 libc.a(*)
 libm.a(*)
 libgcc.a(*)

.ARM.attributes
                0x00000000       0x30
 *(.ARM.attributes)
 .ARM.attributes
                0x00000000       0x22 E:/STM32CubeIDE_1.16.1/STM32CubeIDE/plugins/com.st.stm32cube.ide.mcu.externaltools.gnu-tools-for-stm32.12.3.rel1.win32_1.0.200.202406191623/tools/bin/../lib/gcc/arm-none-eabi/12.3.1/thumb/v7e-m+fp/hard/crti.o
 .ARM.attributes
                0x00000022       0x34 E:/STM32CubeIDE_1.16.1/STM32CubeIDE/plugins/com.st.stm32cube.ide.mcu.externaltools.gnu-tools-for-stm32.12.3.rel1.win32_1.0.200.202406191623/tools/bin/../lib/gcc/arm-none-eabi/12.3.1/thumb/v7e-m+fp/hard/crtbegin.o
 .ARM.attributes
                0x00000056       0x34 ./Core/Src/main.o
 .ARM.attributes
                0x0000008a       0x34 ./Core/Src/stm32f4xx_hal_msp.o
 .ARM.attributes
                0x000000be       0x34 ./Core/Src/stm32f4xx_it.o
 .ARM.attributes
                0x000000f2       0x34 ./Core/Src/system_stm32f4xx.o
 .ARM.attributes
                0x00000126       0x21 ./Core/Startup/startup_stm32f407vetx.o
 .ARM.attributes
                0x00000147       0x34 ./Drivers/STM32F4xx_HAL_Driver/Src/stm32f4xx_hal.o
 .ARM.attributes
                0x0000017b       0x34 ./Drivers/STM32F4xx_HAL_Driver/Src/stm32f4xx_hal_adc.o
 .ARM.attributes
                0x000001af       0x34 ./Drivers/STM32F4xx_HAL_Driver/Src/stm32f4xx_hal_can.o
 .ARM.attributes
                0x000001e3       0x34 ./Drivers/STM32F4xx_HAL_Driver/Src/stm32f4xx_hal_cortex.o
 .ARM.attributes
                0x00000217       0x34 ./Drivers/STM32F4xx_HAL_Driver/Src/stm32f4xx_hal_dma.o
 .ARM.attributes
                0x0000024b       0x34 ./Drivers/STM32F4xx_HAL_Driver/Src/stm32f4xx_hal_gpio.o
 .ARM.attributes
                0x0000027f       0x34 ./Drivers/STM32F4xx_HAL_Driver/Src/stm32f4xx_hal_rcc.o
 .ARM.attributes
                0x000002b3       0x34 ./Drivers/STM32F4xx_HAL_Driver/Src/stm32f4xx_hal_tim.o
 .ARM.attributes
                0x000002e7       0x34 ./Drivers/STM32F4xx_HAL_Driver/Src/stm32f4xx_hal_tim_ex.o
 .ARM.attributes
                0x0000031b       0x34 ./Drivers/STM32F4xx_HAL_Driver/Src/stm32f4xx_hal_uart.o
 .ARM.attributes
                0x0000034f       0x34 ./Middleware/FreeRTOS/list.o
 .ARM.attributes
                0x00000383       0x34 ./Middleware/FreeRTOS/queue.o
 .ARM.attributes
                0x000003b7       0x34 ./Middleware/FreeRTOS/tasks.o
 .ARM.attributes
                0x000003eb       0x34 ./Middleware/FreeRTOS/portable/GCC/ARM_CM4F/port.o
 .ARM.attributes
                0x0000041f       0x34 ./Middleware/FreeRTOS/portable/MemMang/heap_4.o
 .ARM.attributes
                0x00000453       0x34 ./Middleware/SEGGER/Config/SEGGER_SYSVIEW_Config_FreeRTOS.o
 .ARM.attributes
                0x00000487       0x34 ./Middleware/SEGGER/FreeRTOSV11/SEGGER_SYSVIEW_FreeRTOS.o
 .ARM.attributes
                0x000004bb       0x34 ./Middleware/SEGGER/SEGGER/SEGGER_RTT.o
 .ARM.attributes
                0x000004ef       0x20 ./Middleware/SEGGER/SEGGER/SEGGER_RTT_ASM_ARMv7M.o
 .ARM.attributes
                0x0000050f       0x34 ./Middleware/SEGGER/SEGGER/SEGGER_SYSVIEW.o
 .ARM.attributes
                0x00000543       0x34 E:/STM32CubeIDE_1.16.1/STM32CubeIDE/plugins/com.st.stm32cube.ide.mcu.externaltools.gnu-tools-for-stm32.12.3.rel1.win32_1.0.200.202406191623/tools/bin/../lib/gcc/arm-none-eabi/12.3.1/../../../../arm-none-eabi/lib/thumb/v7e-m+fp/hard\libc_nano.a(libc_a-memcmp.o)
 .ARM.attributes
                0x00000577       0x34 E:/STM32CubeIDE_1.16.1/STM32CubeIDE/plugins/com.st.stm32cube.ide.mcu.externaltools.gnu-tools-for-stm32.12.3.rel1.win32_1.0.200.202406191623/tools/bin/../lib/gcc/arm-none-eabi/12.3.1/../../../../arm-none-eabi/lib/thumb/v7e-m+fp/hard\libc_nano.a(libc_a-memset.o)
 .ARM.attributes
                0x000005ab       0x34 E:/STM32CubeIDE_1.16.1/STM32CubeIDE/plugins/com.st.stm32cube.ide.mcu.externaltools.gnu-tools-for-stm32.12.3.rel1.win32_1.0.200.202406191623/tools/bin/../lib/gcc/arm-none-eabi/12.3.1/../../../../arm-none-eabi/lib/thumb/v7e-m+fp/hard\libc_nano.a(libc_a-init.o)
 .ARM.attributes
                0x000005df       0x34 E:/STM32CubeIDE_1.16.1/STM32CubeIDE/plugins/com.st.stm32cube.ide.mcu.externaltools.gnu-tools-for-stm32.12.3.rel1.win32_1.0.200.202406191623/tools/bin/../lib/gcc/arm-none-eabi/12.3.1/../../../../arm-none-eabi/lib/thumb/v7e-m+fp/hard\libc_nano.a(libc_a-memcpy-stub.o)
 .ARM.attributes
                0x00000613       0x22 E:/STM32CubeIDE_1.16.1/STM32CubeIDE/plugins/com.st.stm32cube.ide.mcu.externaltools.gnu-tools-for-stm32.12.3.rel1.win32_1.0.200.202406191623/tools/bin/../lib/gcc/arm-none-eabi/12.3.1/thumb/v7e-m+fp/hard\libgcc.a(_aeabi_uldivmod.o)
 .ARM.attributes
                0x00000635       0x34 E:/STM32CubeIDE_1.16.1/STM32CubeIDE/plugins/com.st.stm32cube.ide.mcu.externaltools.gnu-tools-for-stm32.12.3.rel1.win32_1.0.200.202406191623/tools/bin/../lib/gcc/arm-none-eabi/12.3.1/thumb/v7e-m+fp/hard\libgcc.a(_udivmoddi4.o)
 .ARM.attributes
                0x00000669       0x22 E:/STM32CubeIDE_1.16.1/STM32CubeIDE/plugins/com.st.stm32cube.ide.mcu.externaltools.gnu-tools-for-stm32.12.3.rel1.win32_1.0.200.202406191623/tools/bin/../lib/gcc/arm-none-eabi/12.3.1/thumb/v7e-m+fp/hard\libgcc.a(_dvmd_tls.o)
 .ARM.attributes
                0x0000068b       0x22 E:/STM32CubeIDE_1.16.1/STM32CubeIDE/plugins/com.st.stm32cube.ide.mcu.externaltools.gnu-tools-for-stm32.12.3.rel1.win32_1.0.200.202406191623/tools/bin/../lib/gcc/arm-none-eabi/12.3.1/thumb/v7e-m+fp/hard/crtn.o
OUTPUT(CAN_NODE_1.elf elf32-littlearm)
LOAD linker stubs
LOAD E:/STM32CubeIDE_1.16.1/STM32CubeIDE/plugins/com.st.stm32cube.ide.mcu.externaltools.gnu-tools-for-stm32.12.3.rel1.win32_1.0.200.202406191623/tools/bin/../lib/gcc/arm-none-eabi/12.3.1/../../../../arm-none-eabi/lib/thumb/v7e-m+fp/hard\libc.a
LOAD E:/STM32CubeIDE_1.16.1/STM32CubeIDE/plugins/com.st.stm32cube.ide.mcu.externaltools.gnu-tools-for-stm32.12.3.rel1.win32_1.0.200.202406191623/tools/bin/../lib/gcc/arm-none-eabi/12.3.1/../../../../arm-none-eabi/lib/thumb/v7e-m+fp/hard\libm.a
LOAD E:/STM32CubeIDE_1.16.1/STM32CubeIDE/plugins/com.st.stm32cube.ide.mcu.externaltools.gnu-tools-for-stm32.12.3.rel1.win32_1.0.200.202406191623/tools/bin/../lib/gcc/arm-none-eabi/12.3.1/thumb/v7e-m+fp/hard\libgcc.a

.debug_info     0x00000000    0x1a35f
 .debug_info    0x00000000     0x21fc ./Core/Src/main.o
 .debug_info    0x000021fc     0x16b6 ./Core/Src/stm32f4xx_hal_msp.o
 .debug_info    0x000038b2      0xd7e ./Core/Src/stm32f4xx_it.o
 .debug_info    0x00004630      0x512 ./Core/Src/system_stm32f4xx.o
 .debug_info    0x00004b42       0x30 ./Core/Startup/startup_stm32f407vetx.o
 .debug_info    0x00004b72      0x944 ./Drivers/STM32F4xx_HAL_Driver/Src/stm32f4xx_hal.o
 .debug_info    0x000054b6      0xcd4 ./Drivers/STM32F4xx_HAL_Driver/Src/stm32f4xx_hal_adc.o
 .debug_info    0x0000618a      0xf49 ./Drivers/STM32F4xx_HAL_Driver/Src/stm32f4xx_hal_can.o
 .debug_info    0x000070d3      0xd8c ./Drivers/STM32F4xx_HAL_Driver/Src/stm32f4xx_hal_cortex.o
 .debug_info    0x00007e5f      0x8e7 ./Drivers/STM32F4xx_HAL_Driver/Src/stm32f4xx_hal_dma.o
 .debug_info    0x00008746      0x6c3 ./Drivers/STM32F4xx_HAL_Driver/Src/stm32f4xx_hal_gpio.o
 .debug_info    0x00008e09      0x8af ./Drivers/STM32F4xx_HAL_Driver/Src/stm32f4xx_hal_rcc.o
 .debug_info    0x000096b8     0x299d ./Drivers/STM32F4xx_HAL_Driver/Src/stm32f4xx_hal_tim.o
 .debug_info    0x0000c055     0x14db ./Drivers/STM32F4xx_HAL_Driver/Src/stm32f4xx_hal_tim_ex.o
 .debug_info    0x0000d530     0x2f4f ./Drivers/STM32F4xx_HAL_Driver/Src/stm32f4xx_hal_uart.o
 .debug_info    0x0001047f      0x2af ./Middleware/FreeRTOS/list.o
 .debug_info    0x0001072e     0x1761 ./Middleware/FreeRTOS/queue.o
 .debug_info    0x00011e8f     0x246f ./Middleware/FreeRTOS/tasks.o
 .debug_info    0x000142fe      0x4e1 ./Middleware/FreeRTOS/portable/GCC/ARM_CM4F/port.o
 .debug_info    0x000147df      0x523 ./Middleware/FreeRTOS/portable/MemMang/heap_4.o
 .debug_info    0x00014d02      0x176 ./Middleware/SEGGER/Config/SEGGER_SYSVIEW_Config_FreeRTOS.o
 .debug_info    0x00014e78      0x40e ./Middleware/SEGGER/FreeRTOSV11/SEGGER_SYSVIEW_FreeRTOS.o
 .debug_info    0x00015286     0x14d5 ./Middleware/SEGGER/SEGGER/SEGGER_RTT.o
 .debug_info    0x0001675b       0x25 ./Middleware/SEGGER/SEGGER/SEGGER_RTT_ASM_ARMv7M.o
 .debug_info    0x00016780     0x3bdf ./Middleware/SEGGER/SEGGER/SEGGER_SYSVIEW.o

.debug_abbrev   0x00000000     0x35b5
 .debug_abbrev  0x00000000      0x346 ./Core/Src/main.o
 .debug_abbrev  0x00000346      0x251 ./Core/Src/stm32f4xx_hal_msp.o
 .debug_abbrev  0x00000597      0x1e2 ./Core/Src/stm32f4xx_it.o
 .debug_abbrev  0x00000779      0x11a ./Core/Src/system_stm32f4xx.o
 .debug_abbrev  0x00000893       0x24 ./Core/Startup/startup_stm32f407vetx.o
 .debug_abbrev  0x000008b7      0x214 ./Drivers/STM32F4xx_HAL_Driver/Src/stm32f4xx_hal.o
 .debug_abbrev  0x00000acb      0x252 ./Drivers/STM32F4xx_HAL_Driver/Src/stm32f4xx_hal_adc.o
 .debug_abbrev  0x00000d1d      0x258 ./Drivers/STM32F4xx_HAL_Driver/Src/stm32f4xx_hal_can.o
 .debug_abbrev  0x00000f75      0x31d ./Drivers/STM32F4xx_HAL_Driver/Src/stm32f4xx_hal_cortex.o
 .debug_abbrev  0x00001292      0x264 ./Drivers/STM32F4xx_HAL_Driver/Src/stm32f4xx_hal_dma.o
 .debug_abbrev  0x000014f6      0x1d4 ./Drivers/STM32F4xx_HAL_Driver/Src/stm32f4xx_hal_gpio.o
 .debug_abbrev  0x000016ca      0x2b7 ./Drivers/STM32F4xx_HAL_Driver/Src/stm32f4xx_hal_rcc.o
 .debug_abbrev  0x00001981      0x278 ./Drivers/STM32F4xx_HAL_Driver/Src/stm32f4xx_hal_tim.o
 .debug_abbrev  0x00001bf9      0x283 ./Drivers/STM32F4xx_HAL_Driver/Src/stm32f4xx_hal_tim_ex.o
 .debug_abbrev  0x00001e7c      0x30e ./Drivers/STM32F4xx_HAL_Driver/Src/stm32f4xx_hal_uart.o
 .debug_abbrev  0x0000218a       0xf5 ./Middleware/FreeRTOS/list.o
 .debug_abbrev  0x0000227f      0x322 ./Middleware/FreeRTOS/queue.o
 .debug_abbrev  0x000025a1      0x37b ./Middleware/FreeRTOS/tasks.o
 .debug_abbrev  0x0000291c      0x25a ./Middleware/FreeRTOS/portable/GCC/ARM_CM4F/port.o
 .debug_abbrev  0x00002b76      0x256 ./Middleware/FreeRTOS/portable/MemMang/heap_4.o
 .debug_abbrev  0x00002dcc       0xf4 ./Middleware/SEGGER/Config/SEGGER_SYSVIEW_Config_FreeRTOS.o
 .debug_abbrev  0x00002ec0      0x191 ./Middleware/SEGGER/FreeRTOSV11/SEGGER_SYSVIEW_FreeRTOS.o
 .debug_abbrev  0x00003051      0x230 ./Middleware/SEGGER/SEGGER/SEGGER_RTT.o
 .debug_abbrev  0x00003281       0x14 ./Middleware/SEGGER/SEGGER/SEGGER_RTT_ASM_ARMv7M.o
 .debug_abbrev  0x00003295      0x320 ./Middleware/SEGGER/SEGGER/SEGGER_SYSVIEW.o

.debug_aranges  0x00000000     0x17a8
 .debug_aranges
                0x00000000       0xb0 ./Core/Src/main.o
 .debug_aranges
                0x000000b0       0x68 ./Core/Src/stm32f4xx_hal_msp.o
 .debug_aranges
                0x00000118       0x70 ./Core/Src/stm32f4xx_it.o
 .debug_aranges
                0x00000188       0x28 ./Core/Src/system_stm32f4xx.o
 .debug_aranges
                0x000001b0       0x28 ./Core/Startup/startup_stm32f407vetx.o
 .debug_aranges
                0x000001d8       0xf0 ./Drivers/STM32F4xx_HAL_Driver/Src/stm32f4xx_hal.o
 .debug_aranges
                0x000002c8       0xe8 ./Drivers/STM32F4xx_HAL_Driver/Src/stm32f4xx_hal_adc.o
 .debug_aranges
                0x000003b0      0x138 ./Drivers/STM32F4xx_HAL_Driver/Src/stm32f4xx_hal_can.o
 .debug_aranges
                0x000004e8      0x130 ./Drivers/STM32F4xx_HAL_Driver/Src/stm32f4xx_hal_cortex.o
 .debug_aranges
                0x00000618       0x90 ./Drivers/STM32F4xx_HAL_Driver/Src/stm32f4xx_hal_dma.o
 .debug_aranges
                0x000006a8       0x58 ./Drivers/STM32F4xx_HAL_Driver/Src/stm32f4xx_hal_gpio.o
 .debug_aranges
                0x00000700       0x88 ./Drivers/STM32F4xx_HAL_Driver/Src/stm32f4xx_hal_rcc.o
 .debug_aranges
                0x00000788      0x3d0 ./Drivers/STM32F4xx_HAL_Driver/Src/stm32f4xx_hal_tim.o
 .debug_aranges
                0x00000b58      0x168 ./Drivers/STM32F4xx_HAL_Driver/Src/stm32f4xx_hal_tim_ex.o
 .debug_aranges
                0x00000cc0      0x208 ./Drivers/STM32F4xx_HAL_Driver/Src/stm32f4xx_hal_uart.o
 .debug_aranges
                0x00000ec8       0x40 ./Middleware/FreeRTOS/list.o
 .debug_aranges
                0x00000f08      0x128 ./Middleware/FreeRTOS/queue.o
 .debug_aranges
                0x00001030      0x1f0 ./Middleware/FreeRTOS/tasks.o
 .debug_aranges
                0x00001220       0x80 ./Middleware/FreeRTOS/portable/GCC/ARM_CM4F/port.o
 .debug_aranges
                0x000012a0       0x60 ./Middleware/FreeRTOS/portable/MemMang/heap_4.o
 .debug_aranges
                0x00001300       0x28 ./Middleware/SEGGER/Config/SEGGER_SYSVIEW_Config_FreeRTOS.o
 .debug_aranges
                0x00001328       0x48 ./Middleware/SEGGER/FreeRTOSV11/SEGGER_SYSVIEW_FreeRTOS.o
 .debug_aranges
                0x00001370      0x138 ./Middleware/SEGGER/SEGGER/SEGGER_RTT.o
 .debug_aranges
                0x000014a8       0x20 ./Middleware/SEGGER/SEGGER/SEGGER_RTT_ASM_ARMv7M.o
 .debug_aranges
                0x000014c8      0x2e0 ./Middleware/SEGGER/SEGGER/SEGGER_SYSVIEW.o

.debug_rnglists
                0x00000000     0x126e
 .debug_rnglists
                0x00000000       0x89 ./Core/Src/main.o
 .debug_rnglists
                0x00000089       0x4c ./Core/Src/stm32f4xx_hal_msp.o
 .debug_rnglists
                0x000000d5       0x4f ./Core/Src/stm32f4xx_it.o
 .debug_rnglists
                0x00000124       0x1a ./Core/Src/system_stm32f4xx.o
 .debug_rnglists
                0x0000013e       0x19 ./Core/Startup/startup_stm32f407vetx.o
 .debug_rnglists
                0x00000157       0xaf ./Drivers/STM32F4xx_HAL_Driver/Src/stm32f4xx_hal.o
 .debug_rnglists
                0x00000206       0xb5 ./Drivers/STM32F4xx_HAL_Driver/Src/stm32f4xx_hal_adc.o
 .debug_rnglists
                0x000002bb       0xee ./Drivers/STM32F4xx_HAL_Driver/Src/stm32f4xx_hal_can.o
 .debug_rnglists
                0x000003a9       0xe0 ./Drivers/STM32F4xx_HAL_Driver/Src/stm32f4xx_hal_cortex.o
 .debug_rnglists
                0x00000489       0x70 ./Drivers/STM32F4xx_HAL_Driver/Src/stm32f4xx_hal_dma.o
 .debug_rnglists
                0x000004f9       0x3f ./Drivers/STM32F4xx_HAL_Driver/Src/stm32f4xx_hal_gpio.o
 .debug_rnglists
                0x00000538       0x66 ./Drivers/STM32F4xx_HAL_Driver/Src/stm32f4xx_hal_rcc.o
 .debug_rnglists
                0x0000059e      0x31a ./Drivers/STM32F4xx_HAL_Driver/Src/stm32f4xx_hal_tim.o
 .debug_rnglists
                0x000008b8      0x125 ./Drivers/STM32F4xx_HAL_Driver/Src/stm32f4xx_hal_tim_ex.o
 .debug_rnglists
                0x000009dd      0x1bc ./Drivers/STM32F4xx_HAL_Driver/Src/stm32f4xx_hal_uart.o
 .debug_rnglists
                0x00000b99       0x2b ./Middleware/FreeRTOS/list.o
 .debug_rnglists
                0x00000bc4       0xe6 ./Middleware/FreeRTOS/queue.o
 .debug_rnglists
                0x00000caa      0x18e ./Middleware/FreeRTOS/tasks.o
 .debug_rnglists
                0x00000e38       0x5d ./Middleware/FreeRTOS/portable/GCC/ARM_CM4F/port.o
 .debug_rnglists
                0x00000e95       0x48 ./Middleware/FreeRTOS/portable/MemMang/heap_4.o
 .debug_rnglists
                0x00000edd       0x19 ./Middleware/SEGGER/Config/SEGGER_SYSVIEW_Config_FreeRTOS.o
 .debug_rnglists
                0x00000ef6       0x36 ./Middleware/SEGGER/FreeRTOSV11/SEGGER_SYSVIEW_FreeRTOS.o
 .debug_rnglists
                0x00000f2c       0xf5 ./Middleware/SEGGER/SEGGER/SEGGER_RTT.o
 .debug_rnglists
                0x00001021      0x24d ./Middleware/SEGGER/SEGGER/SEGGER_SYSVIEW.o

.debug_macro    0x00000000    0x256ad
 .debug_macro   0x00000000      0x32f ./Core/Src/main.o
 .debug_macro   0x0000032f      0xab4 ./Core/Src/main.o
 .debug_macro   0x00000de3      0x2a7 ./Core/Src/main.o
 .debug_macro   0x0000108a       0x2e ./Core/Src/main.o
 .debug_macro   0x000010b8       0x2f ./Core/Src/main.o
 .debug_macro   0x000010e7       0x22 ./Core/Src/main.o
 .debug_macro   0x00001109       0x8e ./Core/Src/main.o
 .debug_macro   0x00001197       0x51 ./Core/Src/main.o
 .debug_macro   0x000011e8      0x103 ./Core/Src/main.o
 .debug_macro   0x000012eb       0x6a ./Core/Src/main.o
 .debug_macro   0x00001355      0x1df ./Core/Src/main.o
 .debug_macro   0x00001534       0x1c ./Core/Src/main.o
 .debug_macro   0x00001550       0x22 ./Core/Src/main.o
 .debug_macro   0x00001572       0xfb ./Core/Src/main.o
 .debug_macro   0x0000166d     0x1011 ./Core/Src/main.o
 .debug_macro   0x0000267e      0x11f ./Core/Src/main.o
 .debug_macro   0x0000279d    0x15e97 ./Core/Src/main.o
 .debug_macro   0x00018634       0x6d ./Core/Src/main.o
 .debug_macro   0x000186a1     0x369a ./Core/Src/main.o
 .debug_macro   0x0001bd3b      0x189 ./Core/Src/main.o
 .debug_macro   0x0001bec4       0x5c ./Core/Src/main.o
 .debug_macro   0x0001bf20      0x980 ./Core/Src/main.o
 .debug_macro   0x0001c8a0      0x9e9 ./Core/Src/main.o
 .debug_macro   0x0001d289      0x115 ./Core/Src/main.o
 .debug_macro   0x0001d39e      0x13e ./Core/Src/main.o
 .debug_macro   0x0001d4dc       0xa5 ./Core/Src/main.o
 .debug_macro   0x0001d581      0x174 ./Core/Src/main.o
 .debug_macro   0x0001d6f5      0x287 ./Core/Src/main.o
 .debug_macro   0x0001d97c       0x5f ./Core/Src/main.o
 .debug_macro   0x0001d9db      0x236 ./Core/Src/main.o
 .debug_macro   0x0001dc11      0xb5b ./Core/Src/main.o
 .debug_macro   0x0001e76c      0x38b ./Core/Src/main.o
 .debug_macro   0x0001eaf7      0x176 ./Core/Src/main.o
 .debug_macro   0x0001ec6d       0xf9 ./Core/Src/main.o
 .debug_macro   0x0001ed66      0x40f ./Core/Src/main.o
 .debug_macro   0x0001f175      0x12c ./Core/Src/main.o
 .debug_macro   0x0001f2a1      0x21e ./Core/Src/main.o
 .debug_macro   0x0001f4bf       0x2e ./Core/Src/main.o
 .debug_macro   0x0001f4ed      0x127 ./Core/Src/main.o
 .debug_macro   0x0001f614       0x7e ./Core/Src/main.o
 .debug_macro   0x0001f692       0x89 ./Core/Src/main.o
 .debug_macro   0x0001f71b      0x8ed ./Core/Src/main.o
 .debug_macro   0x00020008       0x4d ./Core/Src/main.o
 .debug_macro   0x00020055      0x2aa ./Core/Src/main.o
 .debug_macro   0x000202ff      0x12d ./Core/Src/main.o
 .debug_macro   0x0002042c      0x118 ./Core/Src/main.o
 .debug_macro   0x00020544       0x58 ./Core/Src/main.o
 .debug_macro   0x0002059c       0x46 ./Core/Src/main.o
 .debug_macro   0x000205e2       0x64 ./Core/Src/main.o
 .debug_macro   0x00020646       0x49 ./Core/Src/main.o
 .debug_macro   0x0002068f       0xd1 ./Core/Src/main.o
 .debug_macro   0x00020760      0x220 ./Core/Src/main.o
 .debug_macro   0x00020980      0xf65 ./Core/Src/main.o
 .debug_macro   0x000218e5      0x15a ./Core/Src/main.o
 .debug_macro   0x00021a3f       0xea ./Core/Src/main.o
 .debug_macro   0x00021b29       0x28 ./Core/Src/main.o
 .debug_macro   0x00021b51       0x1f ./Core/Src/main.o
 .debug_macro   0x00021b70       0x12 ./Core/Src/main.o
 .debug_macro   0x00021b82      0x4f5 ./Core/Src/main.o
 .debug_macro   0x00022077       0xc3 ./Core/Src/main.o
 .debug_macro   0x0002213a      0x120 ./Core/Src/main.o
 .debug_macro   0x0002225a       0x91 ./Core/Src/main.o
 .debug_macro   0x000222eb       0x86 ./Core/Src/main.o
 .debug_macro   0x00022371       0x77 ./Core/Src/main.o
 .debug_macro   0x000223e8      0x20a ./Core/Src/stm32f4xx_hal_msp.o
 .debug_macro   0x000225f2      0x214 ./Core/Src/stm32f4xx_it.o
 .debug_macro   0x00022806      0x200 ./Core/Src/system_stm32f4xx.o
 .debug_macro   0x00022a06      0x260 ./Drivers/STM32F4xx_HAL_Driver/Src/stm32f4xx_hal.o
 .debug_macro   0x00022c66      0x201 ./Drivers/STM32F4xx_HAL_Driver/Src/stm32f4xx_hal_adc.o
 .debug_macro   0x00022e67      0x20f ./Drivers/STM32F4xx_HAL_Driver/Src/stm32f4xx_hal_can.o
 .debug_macro   0x00023076      0x200 ./Drivers/STM32F4xx_HAL_Driver/Src/stm32f4xx_hal_cortex.o
 .debug_macro   0x00023276      0x206 ./Drivers/STM32F4xx_HAL_Driver/Src/stm32f4xx_hal_dma.o
 .debug_macro   0x0002347c      0x206 ./Drivers/STM32F4xx_HAL_Driver/Src/stm32f4xx_hal_gpio.o
 .debug_macro   0x00023682      0x224 ./Drivers/STM32F4xx_HAL_Driver/Src/stm32f4xx_hal_rcc.o
 .debug_macro   0x000238a6      0x201 ./Drivers/STM32F4xx_HAL_Driver/Src/stm32f4xx_hal_tim.o
 .debug_macro   0x00023aa7      0x200 ./Drivers/STM32F4xx_HAL_Driver/Src/stm32f4xx_hal_tim_ex.o
 .debug_macro   0x00023ca7      0x201 ./Drivers/STM32F4xx_HAL_Driver/Src/stm32f4xx_hal_uart.o
 .debug_macro   0x00023ea8      0x1fa ./Middleware/FreeRTOS/list.o
 .debug_macro   0x000240a2      0x291 ./Middleware/FreeRTOS/queue.o
 .debug_macro   0x00024333       0x16 ./Middleware/FreeRTOS/queue.o
 .debug_macro   0x00024349       0x20 ./Middleware/FreeRTOS/queue.o
 .debug_macro   0x00024369       0x80 ./Middleware/FreeRTOS/queue.o
 .debug_macro   0x000243e9      0x2e0 ./Middleware/FreeRTOS/tasks.o
 .debug_macro   0x000246c9       0x17 ./Middleware/FreeRTOS/tasks.o
 .debug_macro   0x000246e0      0x209 ./Middleware/FreeRTOS/portable/GCC/ARM_CM4F/port.o
 .debug_macro   0x000248e9      0x27b ./Middleware/FreeRTOS/portable/MemMang/heap_4.o
 .debug_macro   0x00024b64      0x13d ./Middleware/SEGGER/Config/SEGGER_SYSVIEW_Config_FreeRTOS.o
 .debug_macro   0x00024ca1      0x209 ./Middleware/SEGGER/FreeRTOSV11/SEGGER_SYSVIEW_FreeRTOS.o
 .debug_macro   0x00024eaa      0x1e9 ./Middleware/SEGGER/SEGGER/SEGGER_RTT.o
 .debug_macro   0x00025093       0x35 ./Middleware/SEGGER/SEGGER/SEGGER_RTT.o
 .debug_macro   0x000250c8      0x138 ./Middleware/SEGGER/SEGGER/SEGGER_RTT.o
 .debug_macro   0x00025200      0x252 ./Middleware/SEGGER/SEGGER/SEGGER_SYSVIEW.o
 .debug_macro   0x00025452      0x220 ./Middleware/SEGGER/SEGGER/SEGGER_SYSVIEW.o
 .debug_macro   0x00025672       0x3b ./Middleware/SEGGER/SEGGER/SEGGER_SYSVIEW.o

.debug_line     0x00000000    0x1a90c
 .debug_line    0x00000000      0xf36 ./Core/Src/main.o
 .debug_line    0x00000f36      0x901 ./Core/Src/stm32f4xx_hal_msp.o
 .debug_line    0x00001837      0x89d ./Core/Src/stm32f4xx_it.o
 .debug_line    0x000020d4      0x825 ./Core/Src/system_stm32f4xx.o
 .debug_line    0x000028f9       0x7a ./Core/Startup/startup_stm32f407vetx.o
 .debug_line    0x00002973      0xa8e ./Drivers/STM32F4xx_HAL_Driver/Src/stm32f4xx_hal.o
 .debug_line    0x00003401     0x1316 ./Drivers/STM32F4xx_HAL_Driver/Src/stm32f4xx_hal_adc.o
 .debug_line    0x00004717     0x123d ./Drivers/STM32F4xx_HAL_Driver/Src/stm32f4xx_hal_can.o
 .debug_line    0x00005954      0xd80 ./Drivers/STM32F4xx_HAL_Driver/Src/stm32f4xx_hal_cortex.o
 .debug_line    0x000066d4      0xffe ./Drivers/STM32F4xx_HAL_Driver/Src/stm32f4xx_hal_dma.o
 .debug_line    0x000076d2      0xc1a ./Drivers/STM32F4xx_HAL_Driver/Src/stm32f4xx_hal_gpio.o
 .debug_line    0x000082ec      0xe19 ./Drivers/STM32F4xx_HAL_Driver/Src/stm32f4xx_hal_rcc.o
 .debug_line    0x00009105     0x3832 ./Drivers/STM32F4xx_HAL_Driver/Src/stm32f4xx_hal_tim.o
 .debug_line    0x0000c937     0x1a84 ./Drivers/STM32F4xx_HAL_Driver/Src/stm32f4xx_hal_tim_ex.o
 .debug_line    0x0000e3bb     0x2960 ./Drivers/STM32F4xx_HAL_Driver/Src/stm32f4xx_hal_uart.o
 .debug_line    0x00010d1b      0x967 ./Middleware/FreeRTOS/list.o
 .debug_line    0x00011682     0x177c ./Middleware/FreeRTOS/queue.o
 .debug_line    0x00012dfe     0x1fbd ./Middleware/FreeRTOS/tasks.o
 .debug_line    0x00014dbb      0xa4a ./Middleware/FreeRTOS/portable/GCC/ARM_CM4F/port.o
 .debug_line    0x00015805      0xbe8 ./Middleware/FreeRTOS/portable/MemMang/heap_4.o
 .debug_line    0x000163ed      0x73f ./Middleware/SEGGER/Config/SEGGER_SYSVIEW_Config_FreeRTOS.o
 .debug_line    0x00016b2c      0xa43 ./Middleware/SEGGER/FreeRTOSV11/SEGGER_SYSVIEW_FreeRTOS.o
 .debug_line    0x0001756f      0xf19 ./Middleware/SEGGER/SEGGER/SEGGER_RTT.o
 .debug_line    0x00018488       0x86 ./Middleware/SEGGER/SEGGER/SEGGER_RTT_ASM_ARMv7M.o
 .debug_line    0x0001850e     0x23fe ./Middleware/SEGGER/SEGGER/SEGGER_SYSVIEW.o

.debug_str      0x00000000    0xf6071
 .debug_str     0x00000000    0xeab3f ./Core/Src/main.o
                              0xeafc2 (size before relaxing)
 .debug_str     0x000eab3f       0xf3 ./Core/Src/stm32f4xx_hal_msp.o
                              0xd3673 (size before relaxing)
 .debug_str     0x000eac32      0x14b ./Core/Src/stm32f4xx_it.o
                              0xd2ef6 (size before relaxing)
 .debug_str     0x000ead7d       0xdb ./Core/Src/system_stm32f4xx.o
                              0xd25da (size before relaxing)
 .debug_str     0x000eae58       0x44 ./Core/Startup/startup_stm32f407vetx.o
                                 0x7a (size before relaxing)
 .debug_str     0x000eae9c      0x5ee ./Drivers/STM32F4xx_HAL_Driver/Src/stm32f4xx_hal.o
                              0xd315e (size before relaxing)
 .debug_str     0x000eb48a      0x2a2 ./Drivers/STM32F4xx_HAL_Driver/Src/stm32f4xx_hal_adc.o
                              0xd2bc7 (size before relaxing)
 .debug_str     0x000eb72c      0x40e ./Drivers/STM32F4xx_HAL_Driver/Src/stm32f4xx_hal_can.o
                              0xd2cd4 (size before relaxing)
 .debug_str     0x000ebb3a      0x36b ./Drivers/STM32F4xx_HAL_Driver/Src/stm32f4xx_hal_cortex.o
                              0xd2eda (size before relaxing)
 .debug_str     0x000ebea5      0x2fe ./Drivers/STM32F4xx_HAL_Driver/Src/stm32f4xx_hal_dma.o
                              0xd29f4 (size before relaxing)
 .debug_str     0x000ec1a3       0xd5 ./Drivers/STM32F4xx_HAL_Driver/Src/stm32f4xx_hal_gpio.o
                              0xd2755 (size before relaxing)
 .debug_str     0x000ec278      0x233 ./Drivers/STM32F4xx_HAL_Driver/Src/stm32f4xx_hal_rcc.o
                              0xd2a0e (size before relaxing)
 .debug_str     0x000ec4ab      0xd0d ./Drivers/STM32F4xx_HAL_Driver/Src/stm32f4xx_hal_tim.o
                              0xd3964 (size before relaxing)
 .debug_str     0x000ed1b8      0x493 ./Drivers/STM32F4xx_HAL_Driver/Src/stm32f4xx_hal_tim_ex.o
                              0xd3170 (size before relaxing)
 .debug_str     0x000ed64b      0x5cf ./Drivers/STM32F4xx_HAL_Driver/Src/stm32f4xx_hal_uart.o
                              0xd2fef (size before relaxing)
 .debug_str     0x000edc1a     0x3330 ./Middleware/FreeRTOS/list.o
                              0x1bbc8 (size before relaxing)
 .debug_str     0x000f0f4a      0xc48 ./Middleware/FreeRTOS/queue.o
                              0x1e25f (size before relaxing)
 .debug_str     0x000f1b92     0x1400 ./Middleware/FreeRTOS/tasks.o
                              0x1ed84 (size before relaxing)
 .debug_str     0x000f2f92      0x7d6 ./Middleware/FreeRTOS/portable/GCC/ARM_CM4F/port.o
                              0x1a40f (size before relaxing)
 .debug_str     0x000f3768      0x5e0 ./Middleware/FreeRTOS/portable/MemMang/heap_4.o
                              0x1d3f2 (size before relaxing)
 .debug_str     0x000f3d48      0x1ba ./Middleware/SEGGER/Config/SEGGER_SYSVIEW_Config_FreeRTOS.o
                              0x17f38 (size before relaxing)
 .debug_str     0x000f3f02       0xff ./Middleware/SEGGER/FreeRTOSV11/SEGGER_SYSVIEW_FreeRTOS.o
                              0x1ce26 (size before relaxing)
 .debug_str     0x000f4001     0x1078 ./Middleware/SEGGER/SEGGER/SEGGER_RTT.o
                               0x876f (size before relaxing)
 .debug_str     0x000f5079       0x34 ./Middleware/SEGGER/SEGGER/SEGGER_RTT_ASM_ARMv7M.o
                                 0x78 (size before relaxing)
 .debug_str     0x000f50ad      0xfc4 ./Middleware/SEGGER/SEGGER/SEGGER_SYSVIEW.o
                               0xa9d3 (size before relaxing)

.comment        0x00000000       0x43
 .comment       0x00000000       0x43 ./Core/Src/main.o
                                 0x44 (size before relaxing)
 .comment       0x00000043       0x44 ./Core/Src/stm32f4xx_hal_msp.o
 .comment       0x00000043       0x44 ./Core/Src/stm32f4xx_it.o
 .comment       0x00000043       0x44 ./Core/Src/system_stm32f4xx.o
 .comment       0x00000043       0x44 ./Drivers/STM32F4xx_HAL_Driver/Src/stm32f4xx_hal.o
 .comment       0x00000043       0x44 ./Drivers/STM32F4xx_HAL_Driver/Src/stm32f4xx_hal_adc.o
 .comment       0x00000043       0x44 ./Drivers/STM32F4xx_HAL_Driver/Src/stm32f4xx_hal_can.o
 .comment       0x00000043       0x44 ./Drivers/STM32F4xx_HAL_Driver/Src/stm32f4xx_hal_cortex.o
 .comment       0x00000043       0x44 ./Drivers/STM32F4xx_HAL_Driver/Src/stm32f4xx_hal_dma.o
 .comment       0x00000043       0x44 ./Drivers/STM32F4xx_HAL_Driver/Src/stm32f4xx_hal_gpio.o
 .comment       0x00000043       0x44 ./Drivers/STM32F4xx_HAL_Driver/Src/stm32f4xx_hal_rcc.o
 .comment       0x00000043       0x44 ./Drivers/STM32F4xx_HAL_Driver/Src/stm32f4xx_hal_tim.o
 .comment       0x00000043       0x44 ./Drivers/STM32F4xx_HAL_Driver/Src/stm32f4xx_hal_tim_ex.o
 .comment       0x00000043       0x44 ./Drivers/STM32F4xx_HAL_Driver/Src/stm32f4xx_hal_uart.o
 .comment       0x00000043       0x44 ./Middleware/FreeRTOS/list.o
 .comment       0x00000043       0x44 ./Middleware/FreeRTOS/queue.o
 .comment       0x00000043       0x44 ./Middleware/FreeRTOS/tasks.o
 .comment       0x00000043       0x44 ./Middleware/FreeRTOS/portable/GCC/ARM_CM4F/port.o
 .comment       0x00000043       0x44 ./Middleware/FreeRTOS/portable/MemMang/heap_4.o
 .comment       0x00000043       0x44 ./Middleware/SEGGER/Config/SEGGER_SYSVIEW_Config_FreeRTOS.o
 .comment       0x00000043       0x44 ./Middleware/SEGGER/FreeRTOSV11/SEGGER_SYSVIEW_FreeRTOS.o
 .comment       0x00000043       0x44 ./Middleware/SEGGER/SEGGER/SEGGER_RTT.o