../Core/Src/main.c:104:5:main	16	static
../Core/Src/main.c:168:6:SystemClock_Config	88	static
../Core/Src/main.c:214:13:MX_ADC3_Init	24	static
../Core/Src/main.c:266:13:MX_CAN1_Init	8	static
../Core/Src/main.c:303:13:MX_TIM2_Init	32	static
../Core/Src/main.c:348:13:MX_TIM3_Init	64	static
../Core/Src/main.c:407:13:MX_UART5_Init	8	static
../Core/Src/main.c:440:13:MX_GPIO_Init	56	static
../Core/Src/main.c:489:6:peripheral_start	8	static
../Core/Src/main.c:497:6:HAL_GPIO_EXTI_Callback	24	static
../Core/Src/main.c:511:6:HAL_CAN_RxFifo0MsgPendingCallback	24	static,ignoring_inline_asm
../Core/Src/main.c:531:6:HAL_UART_TxCpltCallback	16	static
../Core/Src/main.c:538:13:CAN_filterConfig	48	static
../Core/Src/main.c:563:6:Calculate_Speed	16	static
../Core/Src/main.c:593:6:Process_Speed_Knob	24	static
../Core/Src/main.c:618:6:Prepare_Payload_For_Esp	24	static
../Core/Src/main.c:659:6:Transmit_Packet_To_Esp	16	static
../Core/Src/main.c:678:6:HAL_TIM_PeriodElapsedCallback	24	static,ignoring_inline_asm
../Core/Src/main.c:708:6:Error_Handler	8	static,ignoring_inline_asm
