../Core/Src/main.c:88:5:main	16	static
../Core/Src/main.c:140:6:SystemClock_Config	88	static
../Core/Src/main.c:186:13:MX_CAN1_Init	8	static
../Core/Src/main.c:223:13:MX_I2C2_Init	8	static
../Core/Src/main.c:257:13:MX_GPIO_Init	48	static
../Core/Src/main.c:294:6:HAL_GPIO_EXTI_Callback	16	static
../Core/Src/main.c:311:6:HAL_CAN_TxMailbox0CompleteCallback	16	static
../Core/Src/main.c:318:6:Read_Temperature	32	static
../Core/Src/main.c:337:6:Transmit_Packet_To_CanNode1	16	static
../Core/Src/main.c:380:6:HAL_TIM_PeriodElapsedCallback	16	static
../Core/Src/main.c:397:6:Error_Handler	8	static,ignoring_inline_asm
